Archive member included to satisfy reference by file (symbol)

c:/st/stm32cubeide_1.3.0/stm32cubeide/plugins/com.st.stm32cube.ide.mcu.externaltools.gnu-tools-for-stm32.7-2018-q2-update.win32_1.0.0.201904181610/tools/bin/../lib/gcc/arm-none-eabi/7.3.1/../../../../arm-none-eabi/lib/thumb/v7e-m/fpv4-sp/hard\libc_nano.a(lib_a-errno.o)
                              Core/Src/syscalls.o (__errno)
c:/st/stm32cubeide_1.3.0/stm32cubeide/plugins/com.st.stm32cube.ide.mcu.externaltools.gnu-tools-for-stm32.7-2018-q2-update.win32_1.0.0.201904181610/tools/bin/../lib/gcc/arm-none-eabi/7.3.1/../../../../arm-none-eabi/lib/thumb/v7e-m/fpv4-sp/hard\libc_nano.a(lib_a-exit.o)
                              c:/st/stm32cubeide_1.3.0/stm32cubeide/plugins/com.st.stm32cube.ide.mcu.externaltools.gnu-tools-for-stm32.7-2018-q2-update.win32_1.0.0.201904181610/tools/bin/../lib/gcc/arm-none-eabi/7.3.1/../../../../arm-none-eabi/lib/thumb/v7e-m/fpv4-sp/hard/crt0.o (exit)
c:/st/stm32cubeide_1.3.0/stm32cubeide/plugins/com.st.stm32cube.ide.mcu.externaltools.gnu-tools-for-stm32.7-2018-q2-update.win32_1.0.0.201904181610/tools/bin/../lib/gcc/arm-none-eabi/7.3.1/../../../../arm-none-eabi/lib/thumb/v7e-m/fpv4-sp/hard\libc_nano.a(lib_a-impure.o)
                              c:/st/stm32cubeide_1.3.0/stm32cubeide/plugins/com.st.stm32cube.ide.mcu.externaltools.gnu-tools-for-stm32.7-2018-q2-update.win32_1.0.0.201904181610/tools/bin/../lib/gcc/arm-none-eabi/7.3.1/../../../../arm-none-eabi/lib/thumb/v7e-m/fpv4-sp/hard\libc_nano.a(lib_a-exit.o) (_global_impure_ptr)
c:/st/stm32cubeide_1.3.0/stm32cubeide/plugins/com.st.stm32cube.ide.mcu.externaltools.gnu-tools-for-stm32.7-2018-q2-update.win32_1.0.0.201904181610/tools/bin/../lib/gcc/arm-none-eabi/7.3.1/../../../../arm-none-eabi/lib/thumb/v7e-m/fpv4-sp/hard\libc_nano.a(lib_a-init.o)
                              c:/st/stm32cubeide_1.3.0/stm32cubeide/plugins/com.st.stm32cube.ide.mcu.externaltools.gnu-tools-for-stm32.7-2018-q2-update.win32_1.0.0.201904181610/tools/bin/../lib/gcc/arm-none-eabi/7.3.1/../../../../arm-none-eabi/lib/thumb/v7e-m/fpv4-sp/hard/crt0.o (__libc_init_array)
c:/st/stm32cubeide_1.3.0/stm32cubeide/plugins/com.st.stm32cube.ide.mcu.externaltools.gnu-tools-for-stm32.7-2018-q2-update.win32_1.0.0.201904181610/tools/bin/../lib/gcc/arm-none-eabi/7.3.1/../../../../arm-none-eabi/lib/thumb/v7e-m/fpv4-sp/hard\libc_nano.a(lib_a-memset.o)
                              c:/st/stm32cubeide_1.3.0/stm32cubeide/plugins/com.st.stm32cube.ide.mcu.externaltools.gnu-tools-for-stm32.7-2018-q2-update.win32_1.0.0.201904181610/tools/bin/../lib/gcc/arm-none-eabi/7.3.1/../../../../arm-none-eabi/lib/thumb/v7e-m/fpv4-sp/hard/crt0.o (memset)

Allocating common symbols
Common symbol       size              file

uwTick              0x4               Drivers/STM32F3xx_HAL_Driver/Src/stm32f3xx_hal.o
pFlash              0x20              Drivers/STM32F3xx_HAL_Driver/Src/stm32f3xx_hal_flash.o
huart2              0x80              Core/Src/usart.o

Discarded input sections

 .text          0x0000000000000000        0x0 c:/st/stm32cubeide_1.3.0/stm32cubeide/plugins/com.st.stm32cube.ide.mcu.externaltools.gnu-tools-for-stm32.7-2018-q2-update.win32_1.0.0.201904181610/tools/bin/../lib/gcc/arm-none-eabi/7.3.1/thumb/v7e-m/fpv4-sp/hard/crti.o
 .data          0x0000000000000000        0x0 c:/st/stm32cubeide_1.3.0/stm32cubeide/plugins/com.st.stm32cube.ide.mcu.externaltools.gnu-tools-for-stm32.7-2018-q2-update.win32_1.0.0.201904181610/tools/bin/../lib/gcc/arm-none-eabi/7.3.1/thumb/v7e-m/fpv4-sp/hard/crti.o
 .bss           0x0000000000000000        0x0 c:/st/stm32cubeide_1.3.0/stm32cubeide/plugins/com.st.stm32cube.ide.mcu.externaltools.gnu-tools-for-stm32.7-2018-q2-update.win32_1.0.0.201904181610/tools/bin/../lib/gcc/arm-none-eabi/7.3.1/thumb/v7e-m/fpv4-sp/hard/crti.o
 .data          0x0000000000000000        0x4 c:/st/stm32cubeide_1.3.0/stm32cubeide/plugins/com.st.stm32cube.ide.mcu.externaltools.gnu-tools-for-stm32.7-2018-q2-update.win32_1.0.0.201904181610/tools/bin/../lib/gcc/arm-none-eabi/7.3.1/thumb/v7e-m/fpv4-sp/hard/crtbegin.o
 .text          0x0000000000000000       0x74 c:/st/stm32cubeide_1.3.0/stm32cubeide/plugins/com.st.stm32cube.ide.mcu.externaltools.gnu-tools-for-stm32.7-2018-q2-update.win32_1.0.0.201904181610/tools/bin/../lib/gcc/arm-none-eabi/7.3.1/../../../../arm-none-eabi/lib/thumb/v7e-m/fpv4-sp/hard/crt0.o
 .data          0x0000000000000000        0x0 c:/st/stm32cubeide_1.3.0/stm32cubeide/plugins/com.st.stm32cube.ide.mcu.externaltools.gnu-tools-for-stm32.7-2018-q2-update.win32_1.0.0.201904181610/tools/bin/../lib/gcc/arm-none-eabi/7.3.1/../../../../arm-none-eabi/lib/thumb/v7e-m/fpv4-sp/hard/crt0.o
 .bss           0x0000000000000000        0x0 c:/st/stm32cubeide_1.3.0/stm32cubeide/plugins/com.st.stm32cube.ide.mcu.externaltools.gnu-tools-for-stm32.7-2018-q2-update.win32_1.0.0.201904181610/tools/bin/../lib/gcc/arm-none-eabi/7.3.1/../../../../arm-none-eabi/lib/thumb/v7e-m/fpv4-sp/hard/crt0.o
[...]
Memory Configuration

Name             Origin             Length             Attributes
CCMRAM           0x0000000010000000 0x0000000000001000 xrw
RAM              0x0000000020000000 0x0000000000003000 xrw
FLASH            0x0000000008000000 0x0000000000010000 xr
*default*        0x0000000000000000 0xffffffffffffffff

Linker script and memory map

LOAD c:/st/stm32cubeide_1.3.0/stm32cubeide/plugins/com.st.stm32cube.ide.mcu.externaltools.gnu-tools-for-stm32.7-2018-q2-update.win32_1.0.0.201904181610/tools/bin/../lib/gcc/arm-none-eabi/7.3.1/thumb/v7e-m/fpv4-sp/hard/crti.o
LOAD c:/st/stm32cubeide_1.3.0/stm32cubeide/plugins/com.st.stm32cube.ide.mcu.externaltools.gnu-tools-for-stm32.7-2018-q2-update.win32_1.0.0.201904181610/tools/bin/../lib/gcc/arm-none-eabi/7.3.1/thumb/v7e-m/fpv4-sp/hard/crtbegin.o
LOAD c:/st/stm32cubeide_1.3.0/stm32cubeide/plugins/com.st.stm32cube.ide.mcu.externaltools.gnu-tools-for-stm32.7-2018-q2-update.win32_1.0.0.201904181610/tools/bin/../lib/gcc/arm-none-eabi/7.3.1/../../../../arm-none-eabi/lib/thumb/v7e-m/fpv4-sp/hard/crt0.o
LOAD Core/Src/AppMain/AppMain.o
LOAD Core/Src/LCD_Driver/LCDDriver.o
LOAD Core/Src/gpio.o
LOAD Core/Src/main.o
LOAD Core/Src/stm32f3xx_hal_msp.o
LOAD Core/Src/stm32f3xx_it.o
LOAD Core/Src/syscalls.o
LOAD Core/Src/sysmem.o
LOAD Core/Src/system_stm32f3xx.o
LOAD Core/Src/usart.o
LOAD Core/Startup/startup_stm32f303k8tx.o
LOAD Drivers/STM32F3xx_HAL_Driver/Src/stm32f3xx_hal.o
LOAD Drivers/STM32F3xx_HAL_Driver/Src/stm32f3xx_hal_cortex.o
LOAD Drivers/STM32F3xx_HAL_Driver/Src/stm32f3xx_hal_dma.o
LOAD Drivers/STM32F3xx_HAL_Driver/Src/stm32f3xx_hal_exti.o
LOAD Drivers/STM32F3xx_HAL_Driver/Src/stm32f3xx_hal_flash.o
LOAD Drivers/STM32F3xx_HAL_Driver/Src/stm32f3xx_hal_flash_ex.o
LOAD Drivers/STM32F3xx_HAL_Driver/Src/stm32f3xx_hal_gpio.o
LOAD Drivers/STM32F3xx_HAL_Driver/Src/stm32f3xx_hal_i2c.o
LOAD Drivers/STM32F3xx_HAL_Driver/Src/stm32f3xx_hal_i2c_ex.o
LOAD Drivers/STM32F3xx_HAL_Driver/Src/stm32f3xx_hal_pwr.o
LOAD Drivers/STM32F3xx_HAL_Driver/Src/stm32f3xx_hal_pwr_ex.o
LOAD Drivers/STM32F3xx_HAL_Driver/Src/stm32f3xx_hal_rcc.o
LOAD Drivers/STM32F3xx_HAL_Driver/Src/stm32f3xx_hal_rcc_ex.o
LOAD Drivers/STM32F3xx_HAL_Driver/Src/stm32f3xx_hal_tim.o
LOAD Drivers/STM32F3xx_HAL_Driver/Src/stm32f3xx_hal_tim_ex.o
LOAD Drivers/STM32F3xx_HAL_Driver/Src/stm32f3xx_hal_uart.o
LOAD Drivers/STM32F3xx_HAL_Driver/Src/stm32f3xx_hal_uart_ex.o
START GROUP
LOAD c:/st/stm32cubeide_1.3.0/stm32cubeide/plugins/com.st.stm32cube.ide.mcu.externaltools.gnu-tools-for-stm32.7-2018-q2-update.win32_1.0.0.201904181610/tools/bin/../lib/gcc/arm-none-eabi/7.3.1/../../../../arm-none-eabi/lib/thumb/v7e-m/fpv4-sp/hard\libstdc++_nano.a
LOAD c:/st/stm32cubeide_1.3.0/stm32cubeide/plugins/com.st.stm32cube.ide.mcu.externaltools.gnu-tools-for-stm32.7-2018-q2-update.win32_1.0.0.201904181610/tools/bin/../lib/gcc/arm-none-eabi/7.3.1/../../../../arm-none-eabi/lib/thumb/v7e-m/fpv4-sp/hard\libsupc++_nano.a
END GROUP
LOAD c:/st/stm32cubeide_1.3.0/stm32cubeide/plugins/com.st.stm32cube.ide.mcu.externaltools.gnu-tools-for-stm32.7-2018-q2-update.win32_1.0.0.201904181610/tools/bin/../lib/gcc/arm-none-eabi/7.3.1/../../../../arm-none-eabi/lib/thumb/v7e-m/fpv4-sp/hard\libstdc++_nano.a
LOAD c:/st/stm32cubeide_1.3.0/stm32cubeide/plugins/com.st.stm32cube.ide.mcu.externaltools.gnu-tools-for-stm32.7-2018-q2-update.win32_1.0.0.201904181610/tools/bin/../lib/gcc/arm-none-eabi/7.3.1/../../../../arm-none-eabi/lib/thumb/v7e-m/fpv4-sp/hard\libm.a
LOAD c:/st/stm32cubeide_1.3.0/stm32cubeide/plugins/com.st.stm32cube.ide.mcu.externaltools.gnu-tools-for-stm32.7-2018-q2-update.win32_1.0.0.201904181610/tools/bin/../lib/gcc/arm-none-eabi/7.3.1/../../../../arm-none-eabi/lib/thumb/v7e-m/fpv4-sp/hard\libc_nano.a
START GROUP
LOAD c:/st/stm32cubeide_1.3.0/stm32cubeide/plugins/com.st.stm32cube.ide.mcu.externaltools.gnu-tools-for-stm32.7-2018-q2-update.win32_1.0.0.201904181610/tools/bin/../lib/gcc/arm-none-eabi/7.3.1/thumb/v7e-m/fpv4-sp/hard\libgcc.a
LOAD c:/st/stm32cubeide_1.3.0/stm32cubeide/plugins/com.st.stm32cube.ide.mcu.externaltools.gnu-tools-for-stm32.7-2018-q2-update.win32_1.0.0.201904181610/tools/bin/../lib/gcc/arm-none-eabi/7.3.1/../../../../arm-none-eabi/lib/thumb/v7e-m/fpv4-sp/hard\libc_nano.a
END GROUP
START GROUP
LOAD c:/st/stm32cubeide_1.3.0/stm32cubeide/plugins/com.st.stm32cube.ide.mcu.externaltools.gnu-tools-for-stm32.7-2018-q2-update.win32_1.0.0.201904181610/tools/bin/../lib/gcc/arm-none-eabi/7.3.1/thumb/v7e-m/fpv4-sp/hard\libgcc.a
LOAD c:/st/stm32cubeide_1.3.0/stm32cubeide/plugins/com.st.stm32cube.ide.mcu.externaltools.gnu-tools-for-stm32.7-2018-q2-update.win32_1.0.0.201904181610/tools/bin/../lib/gcc/arm-none-eabi/7.3.1/../../../../arm-none-eabi/lib/thumb/v7e-m/fpv4-sp/hard\libc_nano.a
LOAD c:/st/stm32cubeide_1.3.0/stm32cubeide/plugins/com.st.stm32cube.ide.mcu.externaltools.gnu-tools-for-stm32.7-2018-q2-update.win32_1.0.0.201904181610/tools/bin/../lib/gcc/arm-none-eabi/7.3.1/../../../../arm-none-eabi/lib/thumb/v7e-m/fpv4-sp/hard\libnosys.a
END GROUP
START GROUP
LOAD c:/st/stm32cubeide_1.3.0/stm32cubeide/plugins/com.st.stm32cube.ide.mcu.externaltools.gnu-tools-for-stm32.7-2018-q2-update.win32_1.0.0.201904181610/tools/bin/../lib/gcc/arm-none-eabi/7.3.1/thumb/v7e-m/fpv4-sp/hard\libgcc.a
LOAD c:/st/stm32cubeide_1.3.0/stm32cubeide/plugins/com.st.stm32cube.ide.mcu.externaltools.gnu-tools-for-stm32.7-2018-q2-update.win32_1.0.0.201904181610/tools/bin/../lib/gcc/arm-none-eabi/7.3.1/../../../../arm-none-eabi/lib/thumb/v7e-m/fpv4-sp/hard\libc_nano.a
LOAD c:/st/stm32cubeide_1.3.0/stm32cubeide/plugins/com.st.stm32cube.ide.mcu.externaltools.gnu-tools-for-stm32.7-2018-q2-update.win32_1.0.0.201904181610/tools/bin/../lib/gcc/arm-none-eabi/7.3.1/../../../../arm-none-eabi/lib/thumb/v7e-m/fpv4-sp/hard\libnosys.a
END GROUP
LOAD c:/st/stm32cubeide_1.3.0/stm32cubeide/plugins/com.st.stm32cube.ide.mcu.externaltools.gnu-tools-for-stm32.7-2018-q2-update.win32_1.0.0.201904181610/tools/bin/../lib/gcc/arm-none-eabi/7.3.1/thumb/v7e-m/fpv4-sp/hard/crtend.o
LOAD c:/st/stm32cubeide_1.3.0/stm32cubeide/plugins/com.st.stm32cube.ide.mcu.externaltools.gnu-tools-for-stm32.7-2018-q2-update.win32_1.0.0.201904181610/tools/bin/../lib/gcc/arm-none-eabi/7.3.1/thumb/v7e-m/fpv4-sp/hard/crtn.o
                0x0000000020003000                _estack = (ORIGIN (RAM) + LENGTH (RAM))
                0x0000000000000200                _Min_Heap_Size = 0x200
                0x0000000000000400                _Min_Stack_Size = 0x400

.isr_vector     0x0000000008000000      0x188
                0x0000000008000000                . = ALIGN (0x4)
 *(.isr_vector)
 .isr_vector    0x0000000008000000      0x188 Core/Startup/startup_stm32f303k8tx.o
                0x0000000008000000                g_pfnVectors
                0x0000000008000188                . = ALIGN (0x4)

.text           0x0000000008000188     0x240c
                0x0000000008000188                . = ALIGN (0x4)
 *(.text)
 .text          0x0000000008000188       0x40 c:/st/stm32cubeide_1.3.0/stm32cubeide/plugins/com.st.stm32cube.ide.mcu.externaltools.gnu-tools-for-stm32.7-2018-q2-update.win32_1.0.0.201904181610/tools/bin/../lib/gcc/arm-none-eabi/7.3.1/thumb/v7e-m/fpv4-sp/hard/crtbegin.o
 *(.text*)
 .text._ZN7AppMainC2Ev
                0x00000000080001c8       0x1a Core/Src/AppMain/AppMain.o
                0x00000000080001c8                AppMain::AppMain()
                0x00000000080001c8                AppMain::AppMain()
 .text._ZN7AppMain4mainEv
                0x00000000080001e2       0x12 Core/Src/AppMain/AppMain.o
                0x00000000080001e2                AppMain::main()
 .text._ZN9LCDDriverC2Ev
                0x00000000080001f4       0x16 Core/Src/LCD_Driver/LCDDriver.o
                0x00000000080001f4                LCDDriver::LCDDriver()
                0x00000000080001f4                LCDDriver::LCDDriver()
 .text._ZN9LCDDriver7InitLCDEv
                0x000000000800020a       0x16 Core/Src/LCD_Driver/LCDDriver.o
                0x000000000800020a                LCDDriver::InitLCD()
 .text._ZN9LCDDriver5ResetEv
                0x0000000008000220       0x2e Core/Src/LCD_Driver/LCDDriver.o
                0x0000000008000220                LCDDriver::Reset()
 *fill*         0x000000000800024e        0x2 
 .text.MX_GPIO_Init
                0x0000000008000250      0x104 Core/Src/gpio.o
                0x0000000008000250                MX_GPIO_Init
 .text.main     0x0000000008000354       0x20 Core/Src/main.o
                0x0000000008000354                main
 .text._Z18SystemClock_Configv
                0x0000000008000374       0x8a Core/Src/main.o
                0x0000000008000374                SystemClock_Config()
 .text.Error_Handler
                0x00000000080003fe        0xe Core/Src/main.o
                0x00000000080003fe                Error_Handler
 .text._Z41__static_initialization_and_destruction_0ii
                0x000000000800040c       0x2c Core/Src/main.o
 .text._GLOBAL__sub_I_main
                0x0000000008000438       0x10 Core/Src/main.o
 .text.HAL_MspInit
                0x0000000008000448       0x48 Core/Src/stm32f3xx_hal_msp.o
                0x0000000008000448                HAL_MspInit
 .text.NMI_Handler
                0x0000000008000490        0xe Core/Src/stm32f3xx_it.o
                0x0000000008000490                NMI_Handler
 .text.HardFault_Handler
                0x000000000800049e        0x6 Core/Src/stm32f3xx_it.o
                0x000000000800049e                HardFault_Handler
 .text.MemManage_Handler
                0x00000000080004a4        0x6 Core/Src/stm32f3xx_it.o
                0x00000000080004a4                MemManage_Handler
 .text.BusFault_Handler
                0x00000000080004aa        0x6 Core/Src/stm32f3xx_it.o
                0x00000000080004aa                BusFault_Handler
 .text.UsageFault_Handler
                0x00000000080004b0        0x6 Core/Src/stm32f3xx_it.o
                0x00000000080004b0                UsageFault_Handler
 .text.SVC_Handler
                0x00000000080004b6        0xe Core/Src/stm32f3xx_it.o
                0x00000000080004b6                SVC_Handler
 .text.DebugMon_Handler
                0x00000000080004c4        0xe Core/Src/stm32f3xx_it.o
                0x00000000080004c4                DebugMon_Handler
 .text.PendSV_Handler
                0x00000000080004d2        0xe Core/Src/stm32f3xx_it.o
                0x00000000080004d2                PendSV_Handler
 .text.SysTick_Handler
                0x00000000080004e0        0xc Core/Src/stm32f3xx_it.o
                0x00000000080004e0                SysTick_Handler
 .text.SystemInit
                0x00000000080004ec       0x2c Core/Src/system_stm32f3xx.o
                0x00000000080004ec                SystemInit
 .text.MX_USART2_UART_Init
                0x0000000008000518       0x60 Core/Src/usart.o
                0x0000000008000518                MX_USART2_UART_Init
 .text.HAL_UART_MspInit
                0x0000000008000578       0x88 Core/Src/usart.o
                0x0000000008000578                HAL_UART_MspInit
 .text.Reset_Handler
                0x0000000008000600       0x50 Core/Startup/startup_stm32f303k8tx.o
                0x0000000008000600                Reset_Handler
 .text.Default_Handler
                0x0000000008000650        0x2 Core/Startup/startup_stm32f303k8tx.o
                0x0000000008000650                RTC_Alarm_IRQHandler
                0x0000000008000650                TIM1_CC_IRQHandler
                0x0000000008000650                PVD_IRQHandler
                0x0000000008000650                TAMP_STAMP_IRQHandler
                0x0000000008000650                EXTI3_IRQHandler
                0x0000000008000650                EXTI0_IRQHandler
                0x0000000008000650                FPU_IRQHandler
                0x0000000008000650                CAN_TX_IRQHandler
                0x0000000008000650                TIM1_UP_TIM16_IRQHandler
                0x0000000008000650                ADC1_2_IRQHandler
                0x0000000008000650                SPI1_IRQHandler
                0x0000000008000650                CAN_SCE_IRQHandler
                0x0000000008000650                DMA1_Channel4_IRQHandler
                0x0000000008000650                USART3_IRQHandler
                0x0000000008000650                DMA1_Channel7_IRQHandler
                0x0000000008000650                TIM7_DAC2_IRQHandler
                0x0000000008000650                CAN_RX1_IRQHandler
                0x0000000008000650                I2C1_EV_IRQHandler
                0x0000000008000650                DMA1_Channel6_IRQHandler
                0x0000000008000650                TIM3_IRQHandler
                0x0000000008000650                RCC_IRQHandler
                0x0000000008000650                DMA1_Channel1_IRQHandler
                0x0000000008000650                Default_Handler
                0x0000000008000650                EXTI15_10_IRQHandler
                0x0000000008000650                COMP2_IRQHandler
                0x0000000008000650                TIM6_DAC1_IRQHandler
                0x0000000008000650                EXTI9_5_IRQHandler
                0x0000000008000650                RTC_WKUP_IRQHandler
                0x0000000008000650                DMA1_Channel5_IRQHandler
                0x0000000008000650                EXTI4_IRQHandler
                0x0000000008000650                TIM1_TRG_COM_TIM17_IRQHandler
                0x0000000008000650                DMA1_Channel3_IRQHandler
                0x0000000008000650                WWDG_IRQHandler
                0x0000000008000650                TIM2_IRQHandler
                0x0000000008000650                EXTI1_IRQHandler
                0x0000000008000650                COMP4_6_IRQHandler
                0x0000000008000650                USART2_IRQHandler
                0x0000000008000650                DMA1_Channel2_IRQHandler
                0x0000000008000650                FLASH_IRQHandler
                0x0000000008000650                USART1_IRQHandler
                0x0000000008000650                CAN_RX0_IRQHandler
                0x0000000008000650                I2C1_ER_IRQHandler
                0x0000000008000650                EXTI2_TSC_IRQHandler
                0x0000000008000650                TIM1_BRK_TIM15_IRQHandler
 *fill*         0x0000000008000652        0x2 
 .text.HAL_Init
                0x0000000008000654       0x2c Drivers/STM32F3xx_HAL_Driver/Src/stm32f3xx_hal.o
                0x0000000008000654                HAL_Init
 .text.HAL_InitTick
                0x0000000008000680       0x60 Drivers/STM32F3xx_HAL_Driver/Src/stm32f3xx_hal.o
                0x0000000008000680                HAL_InitTick
 .text.HAL_IncTick
                0x00000000080006e0       0x28 Drivers/STM32F3xx_HAL_Driver/Src/stm32f3xx_hal.o
                0x00000000080006e0                HAL_IncTick
 .text.HAL_GetTick
                0x0000000008000708       0x18 Drivers/STM32F3xx_HAL_Driver/Src/stm32f3xx_hal.o
                0x0000000008000708                HAL_GetTick
 .text.HAL_Delay
                0x0000000008000720       0x44 Drivers/STM32F3xx_HAL_Driver/Src/stm32f3xx_hal.o
                0x0000000008000720                HAL_Delay
 .text.__NVIC_SetPriorityGrouping
                0x0000000008000764       0x48 Drivers/STM32F3xx_HAL_Driver/Src/stm32f3xx_hal_cortex.o
 .text.__NVIC_GetPriorityGrouping
                0x00000000080007ac       0x1c Drivers/STM32F3xx_HAL_Driver/Src/stm32f3xx_hal_cortex.o
 .text.__NVIC_SetPriority
                0x00000000080007c8       0x54 Drivers/STM32F3xx_HAL_Driver/Src/stm32f3xx_hal_cortex.o
 .text.NVIC_EncodePriority
                0x000000000800081c       0x66 Drivers/STM32F3xx_HAL_Driver/Src/stm32f3xx_hal_cortex.o
 *fill*         0x0000000008000882        0x2 
 .text.SysTick_Config
                0x0000000008000884       0x44 Drivers/STM32F3xx_HAL_Driver/Src/stm32f3xx_hal_cortex.o
 .text.HAL_NVIC_SetPriorityGrouping
                0x00000000080008c8       0x16 Drivers/STM32F3xx_HAL_Driver/Src/stm32f3xx_hal_cortex.o
                0x00000000080008c8                HAL_NVIC_SetPriorityGrouping
 .text.HAL_NVIC_SetPriority
                0x00000000080008de       0x38 Drivers/STM32F3xx_HAL_Driver/Src/stm32f3xx_hal_cortex.o
                0x00000000080008de                HAL_NVIC_SetPriority
 .text.HAL_SYSTICK_Config
                0x0000000008000916       0x18 Drivers/STM32F3xx_HAL_Driver/Src/stm32f3xx_hal_cortex.o
                0x0000000008000916                HAL_SYSTICK_Config
 *fill*         0x000000000800092e        0x2 
 .text.HAL_GPIO_Init
                0x0000000008000930      0x2e4 Drivers/STM32F3xx_HAL_Driver/Src/stm32f3xx_hal_gpio.o
                0x0000000008000930                HAL_GPIO_Init
 .text.HAL_GPIO_WritePin
                0x0000000008000c14       0x30 Drivers/STM32F3xx_HAL_Driver/Src/stm32f3xx_hal_gpio.o
                0x0000000008000c14                HAL_GPIO_WritePin
 .text.HAL_RCC_OscConfig
                0x0000000008000c44      0xe10 Drivers/STM32F3xx_HAL_Driver/Src/stm32f3xx_hal_rcc.o
                0x0000000008000c44                HAL_RCC_OscConfig
 .text.HAL_RCC_ClockConfig
                0x0000000008001a54      0x2f8 Drivers/STM32F3xx_HAL_Driver/Src/stm32f3xx_hal_rcc.o
                0x0000000008001a54                HAL_RCC_ClockConfig
 .text.HAL_RCC_GetSysClockFreq
                0x0000000008001d4c       0xd4 Drivers/STM32F3xx_HAL_Driver/Src/stm32f3xx_hal_rcc.o
                0x0000000008001d4c                HAL_RCC_GetSysClockFreq
 .text.HAL_RCC_GetHCLKFreq
                0x0000000008001e20       0x18 Drivers/STM32F3xx_HAL_Driver/Src/stm32f3xx_hal_rcc.o
                0x0000000008001e20                HAL_RCC_GetHCLKFreq
 .text.HAL_RCC_GetPCLK1Freq
                0x0000000008001e38       0x44 Drivers/STM32F3xx_HAL_Driver/Src/stm32f3xx_hal_rcc.o
                0x0000000008001e38                HAL_RCC_GetPCLK1Freq
 .text.HAL_RCC_GetPCLK2Freq
                0x0000000008001e7c       0x44 Drivers/STM32F3xx_HAL_Driver/Src/stm32f3xx_hal_rcc.o
                0x0000000008001e7c                HAL_RCC_GetPCLK2Freq
 .text.HAL_UART_Init
                0x0000000008001ec0       0x9c Drivers/STM32F3xx_HAL_Driver/Src/stm32f3xx_hal_uart.o
                0x0000000008001ec0                HAL_UART_Init
 .text.UART_SetConfig
                0x0000000008001f5c      0x304 Drivers/STM32F3xx_HAL_Driver/Src/stm32f3xx_hal_uart.o
                0x0000000008001f5c                UART_SetConfig
 .text.UART_AdvFeatureConfig
                0x0000000008002260      0x144 Drivers/STM32F3xx_HAL_Driver/Src/stm32f3xx_hal_uart.o
                0x0000000008002260                UART_AdvFeatureConfig
 .text.UART_CheckIdleState
                0x00000000080023a4       0x8a Drivers/STM32F3xx_HAL_Driver/Src/stm32f3xx_hal_uart.o
                0x00000000080023a4                UART_CheckIdleState
 .text.UART_WaitOnFlagUntilTimeout
                0x000000000800242e       0xf6 Drivers/STM32F3xx_HAL_Driver/Src/stm32f3xx_hal_uart.o
                0x000000000800242e                UART_WaitOnFlagUntilTimeout
 .text.__libc_init_array
                0x0000000008002524       0x48 c:/st/stm32cubeide_1.3.0/stm32cubeide/plugins/com.st.stm32cube.ide.mcu.externaltools.gnu-tools-for-stm32.7-2018-q2-update.win32_1.0.0.201904181610/tools/bin/../lib/gcc/arm-none-eabi/7.3.1/../../../../arm-none-eabi/lib/thumb/v7e-m/fpv4-sp/hard\libc_nano.a(lib_a-init.o)
                0x0000000008002524                __libc_init_array
 .text.memset   0x000000000800256c       0x10 c:/st/stm32cubeide_1.3.0/stm32cubeide/plugins/com.st.stm32cube.ide.mcu.externaltools.gnu-tools-for-stm32.7-2018-q2-update.win32_1.0.0.201904181610/tools/bin/../lib/gcc/arm-none-eabi/7.3.1/../../../../arm-none-eabi/lib/thumb/v7e-m/fpv4-sp/hard\libc_nano.a(lib_a-memset.o)
                0x000000000800256c                memset
 *(.glue_7)
 .glue_7        0x000000000800257c        0x0 linker stubs
 *(.glue_7t)
 .glue_7t       0x000000000800257c        0x0 linker stubs
 *(.eh_frame)
 .eh_frame      0x000000000800257c        0x0 c:/st/stm32cubeide_1.3.0/stm32cubeide/plugins/com.st.stm32cube.ide.mcu.externaltools.gnu-tools-for-stm32.7-2018-q2-update.win32_1.0.0.201904181610/tools/bin/../lib/gcc/arm-none-eabi/7.3.1/thumb/v7e-m/fpv4-sp/hard/crtbegin.o
 *(.init)
 .init          0x000000000800257c        0x4 c:/st/stm32cubeide_1.3.0/stm32cubeide/plugins/com.st.stm32cube.ide.mcu.externaltools.gnu-tools-for-stm32.7-2018-q2-update.win32_1.0.0.201904181610/tools/bin/../lib/gcc/arm-none-eabi/7.3.1/thumb/v7e-m/fpv4-sp/hard/crti.o
                0x000000000800257c                _init
 .init          0x0000000008002580        0x8 c:/st/stm32cubeide_1.3.0/stm32cubeide/plugins/com.st.stm32cube.ide.mcu.externaltools.gnu-tools-for-stm32.7-2018-q2-update.win32_1.0.0.201904181610/tools/bin/../lib/gcc/arm-none-eabi/7.3.1/thumb/v7e-m/fpv4-sp/hard/crtn.o
 *(.fini)
 .fini          0x0000000008002588        0x4 c:/st/stm32cubeide_1.3.0/stm32cubeide/plugins/com.st.stm32cube.ide.mcu.externaltools.gnu-tools-for-stm32.7-2018-q2-update.win32_1.0.0.201904181610/tools/bin/../lib/gcc/arm-none-eabi/7.3.1/thumb/v7e-m/fpv4-sp/hard/crti.o
                0x0000000008002588                _fini
 .fini          0x000000000800258c        0x8 c:/st/stm32cubeide_1.3.0/stm32cubeide/plugins/com.st.stm32cube.ide.mcu.externaltools.gnu-tools-for-stm32.7-2018-q2-update.win32_1.0.0.201904181610/tools/bin/../lib/gcc/arm-none-eabi/7.3.1/thumb/v7e-m/fpv4-sp/hard/crtn.o
                0x0000000008002594                . = ALIGN (0x4)
                0x0000000008002594                _etext = .

.vfp11_veneer   0x0000000008002594        0x0
 .vfp11_veneer  0x0000000008002594        0x0 linker stubs

.v4_bx          0x0000000008002594        0x0
 .v4_bx         0x0000000008002594        0x0 linker stubs

.iplt           0x0000000008002594        0x0
 .iplt          0x0000000008002594        0x0 c:/st/stm32cubeide_1.3.0/stm32cubeide/plugins/com.st.stm32cube.ide.mcu.externaltools.gnu-tools-for-stm32.7-2018-q2-update.win32_1.0.0.201904181610/tools/bin/../lib/gcc/arm-none-eabi/7.3.1/thumb/v7e-m/fpv4-sp/hard/crtbegin.o

.rodata         0x0000000008002594       0x38
                0x0000000008002594                . = ALIGN (0x4)
 *(.rodata)
 *(.rodata*)
 .rodata.AHBPrescTable
                0x0000000008002594       0x10 Core/Src/system_stm32f3xx.o
                0x0000000008002594                AHBPrescTable
 .rodata.APBPrescTable
                0x00000000080025a4        0x8 Core/Src/system_stm32f3xx.o
                0x00000000080025a4                APBPrescTable
 .rodata.aPLLMULFactorTable
                0x00000000080025ac       0x10 Drivers/STM32F3xx_HAL_Driver/Src/stm32f3xx_hal_rcc.o
                0x00000000080025ac                aPLLMULFactorTable
 .rodata.aPredivFactorTable
                0x00000000080025bc       0x10 Drivers/STM32F3xx_HAL_Driver/Src/stm32f3xx_hal_rcc.o
                0x00000000080025bc                aPredivFactorTable
                0x00000000080025cc                . = ALIGN (0x4)

.rel.dyn        0x00000000080025cc        0x0
 .rel.iplt      0x00000000080025cc        0x0 c:/st/stm32cubeide_1.3.0/stm32cubeide/plugins/com.st.stm32cube.ide.mcu.externaltools.gnu-tools-for-stm32.7-2018-q2-update.win32_1.0.0.201904181610/tools/bin/../lib/gcc/arm-none-eabi/7.3.1/thumb/v7e-m/fpv4-sp/hard/crtbegin.o

.ARM.extab      0x00000000080025cc        0x0
                0x00000000080025cc                . = ALIGN (0x4)
 *(.ARM.extab* .gnu.linkonce.armextab.*)
                0x00000000080025cc                . = ALIGN (0x4)

.ARM            0x00000000080025cc        0x0
                0x00000000080025cc                . = ALIGN (0x4)
                0x00000000080025cc                __exidx_start = .
 *(.ARM.exidx*)
                0x00000000080025cc                __exidx_end = .
                0x00000000080025cc                . = ALIGN (0x4)

.preinit_array  0x00000000080025cc        0x0
                0x00000000080025cc                . = ALIGN (0x4)
                0x00000000080025cc                PROVIDE (__preinit_array_start = .)
 *(.preinit_array*)
                0x00000000080025cc                PROVIDE (__preinit_array_end = .)
                0x00000000080025cc                . = ALIGN (0x4)

.init_array     0x00000000080025cc        0x8
                0x00000000080025cc                . = ALIGN (0x4)
                0x00000000080025cc                PROVIDE (__init_array_start = .)
 *(SORT_BY_NAME(.init_array.*))
 *(.init_array*)
 .init_array    0x00000000080025cc        0x4 c:/st/stm32cubeide_1.3.0/stm32cubeide/plugins/com.st.stm32cube.ide.mcu.externaltools.gnu-tools-for-stm32.7-2018-q2-update.win32_1.0.0.201904181610/tools/bin/../lib/gcc/arm-none-eabi/7.3.1/thumb/v7e-m/fpv4-sp/hard/crtbegin.o
 .init_array    0x00000000080025d0        0x4 Core/Src/main.o
                0x00000000080025d4                PROVIDE (__init_array_end = .)
                0x00000000080025d4                . = ALIGN (0x4)

.fini_array     0x00000000080025d4        0x4
                0x00000000080025d4                . = ALIGN (0x4)
                [!provide]                        PROVIDE (__fini_array_start = .)
 *(SORT_BY_NAME(.fini_array.*))
 *(.fini_array*)
 .fini_array    0x00000000080025d4        0x4 c:/st/stm32cubeide_1.3.0/stm32cubeide/plugins/com.st.stm32cube.ide.mcu.externaltools.gnu-tools-for-stm32.7-2018-q2-update.win32_1.0.0.201904181610/tools/bin/../lib/gcc/arm-none-eabi/7.3.1/thumb/v7e-m/fpv4-sp/hard/crtbegin.o
                [!provide]                        PROVIDE (__fini_array_end = .)
                0x00000000080025d8                . = ALIGN (0x4)
                0x00000000080025d8                _sidata = LOADADDR (.data)

.data           0x0000000020000000        0xc load address 0x00000000080025d8
                0x0000000020000000                . = ALIGN (0x4)
                0x0000000020000000                _sdata = .
 *(.data)
 *(.data*)
 .data.SystemCoreClock
                0x0000000020000000        0x4 Core/Src/system_stm32f3xx.o
                0x0000000020000000                SystemCoreClock
 .data.uwTickPrio
                0x0000000020000004        0x4 Drivers/STM32F3xx_HAL_Driver/Src/stm32f3xx_hal.o
                0x0000000020000004                uwTickPrio
 .data.uwTickFreq
                0x0000000020000008        0x1 Drivers/STM32F3xx_HAL_Driver/Src/stm32f3xx_hal.o
                0x0000000020000008                uwTickFreq
                0x000000002000000c                . = ALIGN (0x4)
 *fill*         0x0000000020000009        0x3 
                0x000000002000000c                _edata = .

.igot.plt       0x000000002000000c        0x0 load address 0x00000000080025e4
 .igot.plt      0x000000002000000c        0x0 c:/st/stm32cubeide_1.3.0/stm32cubeide/plugins/com.st.stm32cube.ide.mcu.externaltools.gnu-tools-for-stm32.7-2018-q2-update.win32_1.0.0.201904181610/tools/bin/../lib/gcc/arm-none-eabi/7.3.1/thumb/v7e-m/fpv4-sp/hard/crtbegin.o
                0x000000002000000c                . = ALIGN (0x4)

.bss            0x000000002000000c       0xa4 load address 0x00000000080025e4
                0x000000002000000c                _sbss = .
                0x000000002000000c                __bss_start__ = _sbss
 *(.bss)
 .bss           0x000000002000000c       0x1c c:/st/stm32cubeide_1.3.0/stm32cubeide/plugins/com.st.stm32cube.ide.mcu.externaltools.gnu-tools-for-stm32.7-2018-q2-update.win32_1.0.0.201904181610/tools/bin/../lib/gcc/arm-none-eabi/7.3.1/thumb/v7e-m/fpv4-sp/hard/crtbegin.o
 *(.bss*)
 .bss._ZL7appMain
                0x0000000020000028        0x1 Core/Src/main.o
 *(COMMON)
 *fill*         0x0000000020000029        0x3 
 COMMON         0x000000002000002c       0x80 Core/Src/usart.o
                0x000000002000002c                huart2
 COMMON         0x00000000200000ac        0x4 Drivers/STM32F3xx_HAL_Driver/Src/stm32f3xx_hal.o
                0x00000000200000ac                uwTick
                0x00000000200000b0                . = ALIGN (0x4)
                0x00000000200000b0                _ebss = .
                0x00000000200000b0                __bss_end__ = _ebss

._user_heap_stack
                0x00000000200000b0      0x600 load address 0x00000000080025e4
                0x00000000200000b0                . = ALIGN (0x8)
                0x00000000200000b0                PROVIDE (end = .)
                [!provide]                        PROVIDE (_end = .)
                0x00000000200002b0                . = (. + _Min_Heap_Size)
 *fill*         0x00000000200000b0      0x200 
                0x00000000200006b0                . = (. + _Min_Stack_Size)
 *fill*         0x00000000200002b0      0x400 
                0x00000000200006b0                . = ALIGN (0x8)

/DISCARD/
 libc.a(*)
 libm.a(*)
 libgcc.a(*)

.ARM.attributes
                0x0000000000000000       0x30
 *(.ARM.attributes)
 .ARM.attributes
                0x0000000000000000       0x22 c:/st/stm32cubeide_1.3.0/stm32cubeide/plugins/com.st.stm32cube.ide.mcu.externaltools.gnu-tools-for-stm32.7-2018-q2-update.win32_1.0.0.201904181610/tools/bin/../lib/gcc/arm-none-eabi/7.3.1/thumb/v7e-m/fpv4-sp/hard/crti.o
 .ARM.attributes
                0x0000000000000022       0x34 c:/st/stm32cubeide_1.3.0/stm32cubeide/plugins/com.st.stm32cube.ide.mcu.externaltools.gnu-tools-for-stm32.7-2018-q2-update.win32_1.0.0.201904181610/tools/bin/../lib/gcc/arm-none-eabi/7.3.1/thumb/v7e-m/fpv4-sp/hard/crtbegin.o
 .ARM.attributes
                0x0000000000000056       0x39 Core/Src/AppMain/AppMain.o
 .ARM.attributes
                0x000000000000008f       0x39 Core/Src/LCD_Driver/LCDDriver.o
 .ARM.attributes
                0x00000000000000c8       0x39 Core/Src/gpio.o
 .ARM.attributes
                0x0000000000000101       0x39 Core/Src/main.o
 .ARM.attributes
                0x000000000000013a       0x39 Core/Src/stm32f3xx_hal_msp.o
 .ARM.attributes
                0x0000000000000173       0x39 Core/Src/stm32f3xx_it.o
 .ARM.attributes
                0x00000000000001ac       0x39 Core/Src/system_stm32f3xx.o
 .ARM.attributes
                0x00000000000001e5       0x39 Core/Src/usart.o
 .ARM.attributes
                0x000000000000021e       0x21 Core/Startup/startup_stm32f303k8tx.o
 .ARM.attributes
                0x000000000000023f       0x39 Drivers/STM32F3xx_HAL_Driver/Src/stm32f3xx_hal.o
 .ARM.attributes
                0x0000000000000278       0x39 Drivers/STM32F3xx_HAL_Driver/Src/stm32f3xx_hal_cortex.o
 .ARM.attributes
                0x00000000000002b1       0x39 Drivers/STM32F3xx_HAL_Driver/Src/stm32f3xx_hal_gpio.o
 .ARM.attributes
                0x00000000000002ea       0x39 Drivers/STM32F3xx_HAL_Driver/Src/stm32f3xx_hal_rcc.o
 .ARM.attributes
                0x0000000000000323       0x39 Drivers/STM32F3xx_HAL_Driver/Src/stm32f3xx_hal_uart.o
 .ARM.attributes
                0x000000000000035c       0x34 c:/st/stm32cubeide_1.3.0/stm32cubeide/plugins/com.st.stm32cube.ide.mcu.externaltools.gnu-tools-for-stm32.7-2018-q2-update.win32_1.0.0.201904181610/tools/bin/../lib/gcc/arm-none-eabi/7.3.1/../../../../arm-none-eabi/lib/thumb/v7e-m/fpv4-sp/hard\libc_nano.a(lib_a-init.o)
 .ARM.attributes
                0x0000000000000390       0x34 c:/st/stm32cubeide_1.3.0/stm32cubeide/plugins/com.st.stm32cube.ide.mcu.externaltools.gnu-tools-for-stm32.7-2018-q2-update.win32_1.0.0.201904181610/tools/bin/../lib/gcc/arm-none-eabi/7.3.1/../../../../arm-none-eabi/lib/thumb/v7e-m/fpv4-sp/hard\libc_nano.a(lib_a-memset.o)
 .ARM.attributes
                0x00000000000003c4       0x22 c:/st/stm32cubeide_1.3.0/stm32cubeide/plugins/com.st.stm32cube.ide.mcu.externaltools.gnu-tools-for-stm32.7-2018-q2-update.win32_1.0.0.201904181610/tools/bin/../lib/gcc/arm-none-eabi/7.3.1/thumb/v7e-m/fpv4-sp/hard/crtn.o
OUTPUT(GrafikTest.elf elf32-littlearm)

.debug_info     0x0000000000000000     0x7249
 .debug_info    0x0000000000000000      0x3c2 Core/Src/AppMain/AppMain.o
 .debug_info    0x00000000000003c2      0x5b5 Core/Src/LCD_Driver/LCDDriver.o
 .debug_info    0x0000000000000977      0x3cf Core/Src/gpio.o
 .debug_info    0x0000000000000d46      0xaeb Core/Src/main.o
 .debug_info    0x0000000000001831      0x278 Core/Src/stm32f3xx_hal_msp.o
 .debug_info    0x0000000000001aa9      0x20d Core/Src/stm32f3xx_it.o
 .debug_info    0x0000000000001cb6      0x45c Core/Src/system_stm32f3xx.o
 .debug_info    0x0000000000002112      0x916 Core/Src/usart.o
 .debug_info    0x0000000000002a28       0x22 Core/Startup/startup_stm32f303k8tx.o
 .debug_info    0x0000000000002a4a      0x758 Drivers/STM32F3xx_HAL_Driver/Src/stm32f3xx_hal.o
 .debug_info    0x00000000000031a2      0xb54 Drivers/STM32F3xx_HAL_Driver/Src/stm32f3xx_hal_cortex.o
 .debug_info    0x0000000000003cf6      0x7b2 Drivers/STM32F3xx_HAL_Driver/Src/stm32f3xx_hal_gpio.o
 .debug_info    0x00000000000044a8     0x180f Drivers/STM32F3xx_HAL_Driver/Src/stm32f3xx_hal_rcc.o
 .debug_info    0x0000000000005cb7     0x1592 Drivers/STM32F3xx_HAL_Driver/Src/stm32f3xx_hal_uart.o

.debug_abbrev   0x0000000000000000     0x1739
 .debug_abbrev  0x0000000000000000      0x1e2 Core/Src/AppMain/AppMain.o
 .debug_abbrev  0x00000000000001e2      0x216 Core/Src/LCD_Driver/LCDDriver.o
 .debug_abbrev  0x00000000000003f8      0x134 Core/Src/gpio.o
 .debug_abbrev  0x000000000000052c      0x27b Core/Src/main.o
 .debug_abbrev  0x00000000000007a7      0x109 Core/Src/stm32f3xx_hal_msp.o
 .debug_abbrev  0x00000000000008b0       0xc6 Core/Src/stm32f3xx_it.o
 .debug_abbrev  0x0000000000000976      0x12b Core/Src/system_stm32f3xx.o
 .debug_abbrev  0x0000000000000aa1      0x199 Core/Src/usart.o
 .debug_abbrev  0x0000000000000c3a       0x12 Core/Startup/startup_stm32f303k8tx.o
 .debug_abbrev  0x0000000000000c4c      0x1c7 Drivers/STM32F3xx_HAL_Driver/Src/stm32f3xx_hal.o
 .debug_abbrev  0x0000000000000e13      0x2d5 Drivers/STM32F3xx_HAL_Driver/Src/stm32f3xx_hal_cortex.o
 .debug_abbrev  0x00000000000010e8      0x1c0 Drivers/STM32F3xx_HAL_Driver/Src/stm32f3xx_hal_gpio.o
 .debug_abbrev  0x00000000000012a8      0x28c Drivers/STM32F3xx_HAL_Driver/Src/stm32f3xx_hal_rcc.o
 .debug_abbrev  0x0000000000001534      0x205 Drivers/STM32F3xx_HAL_Driver/Src/stm32f3xx_hal_uart.o

.debug_aranges  0x0000000000000000      0x6b0
 .debug_aranges
                0x0000000000000000       0x28 Core/Src/AppMain/AppMain.o
 .debug_aranges
                0x0000000000000028       0x58 Core/Src/LCD_Driver/LCDDriver.o
 .debug_aranges
                0x0000000000000080       0x20 Core/Src/gpio.o
 .debug_aranges
                0x00000000000000a0       0x40 Core/Src/main.o
 .debug_aranges
                0x00000000000000e0       0x20 Core/Src/stm32f3xx_hal_msp.o
 .debug_aranges
                0x0000000000000100       0x60 Core/Src/stm32f3xx_it.o
 .debug_aranges
                0x0000000000000160       0x28 Core/Src/system_stm32f3xx.o
 .debug_aranges
                0x0000000000000188       0x30 Core/Src/usart.o
 .debug_aranges
                0x00000000000001b8       0x28 Core/Startup/startup_stm32f303k8tx.o
 .debug_aranges
                0x00000000000001e0       0xe0 Drivers/STM32F3xx_HAL_Driver/Src/stm32f3xx_hal.o
 .debug_aranges
                0x00000000000002c0      0x100 Drivers/STM32F3xx_HAL_Driver/Src/stm32f3xx_hal_cortex.o
 .debug_aranges
                0x00000000000003c0       0x58 Drivers/STM32F3xx_HAL_Driver/Src/stm32f3xx_hal_gpio.o
 .debug_aranges
                0x0000000000000418       0x88 Drivers/STM32F3xx_HAL_Driver/Src/stm32f3xx_hal_rcc.o
 .debug_aranges
                0x00000000000004a0      0x210 Drivers/STM32F3xx_HAL_Driver/Src/stm32f3xx_hal_uart.o

.debug_ranges   0x0000000000000000      0x5d8
 .debug_ranges  0x0000000000000000       0x18 Core/Src/AppMain/AppMain.o
 .debug_ranges  0x0000000000000018       0x48 Core/Src/LCD_Driver/LCDDriver.o
 .debug_ranges  0x0000000000000060       0x10 Core/Src/gpio.o
 .debug_ranges  0x0000000000000070       0x30 Core/Src/main.o
 .debug_ranges  0x00000000000000a0       0x10 Core/Src/stm32f3xx_hal_msp.o
 .debug_ranges  0x00000000000000b0       0x50 Core/Src/stm32f3xx_it.o
 .debug_ranges  0x0000000000000100       0x18 Core/Src/system_stm32f3xx.o
 .debug_ranges  0x0000000000000118       0x20 Core/Src/usart.o
 .debug_ranges  0x0000000000000138       0x20 Core/Startup/startup_stm32f303k8tx.o
 .debug_ranges  0x0000000000000158       0xd0 Drivers/STM32F3xx_HAL_Driver/Src/stm32f3xx_hal.o
 .debug_ranges  0x0000000000000228       0xf0 Drivers/STM32F3xx_HAL_Driver/Src/stm32f3xx_hal_cortex.o
 .debug_ranges  0x0000000000000318       0x48 Drivers/STM32F3xx_HAL_Driver/Src/stm32f3xx_hal_gpio.o
 .debug_ranges  0x0000000000000360       0x78 Drivers/STM32F3xx_HAL_Driver/Src/stm32f3xx_hal_rcc.o
 .debug_ranges  0x00000000000003d8      0x200 Drivers/STM32F3xx_HAL_Driver/Src/stm32f3xx_hal_uart.o

.debug_macro    0x0000000000000000    0x1862a
 .debug_macro   0x0000000000000000      0x1ca Core/Src/AppMain/AppMain.o
 .debug_macro   0x00000000000001ca      0xb2c Core/Src/AppMain/AppMain.o
 .debug_macro   0x0000000000000cf6      0x151 Core/Src/AppMain/AppMain.o
 .debug_macro   0x0000000000000e47       0x2e Core/Src/AppMain/AppMain.o
 .debug_macro   0x0000000000000e75       0x28 Core/Src/AppMain/AppMain.o
 .debug_macro   0x0000000000000e9d       0x1c Core/Src/AppMain/AppMain.o
 .debug_macro   0x0000000000000eb9       0x22 Core/Src/AppMain/AppMain.o
 .debug_macro   0x0000000000000edb       0x8e Core/Src/AppMain/AppMain.o
 .debug_macro   0x0000000000000f69       0x51 Core/Src/AppMain/AppMain.o
 .debug_macro   0x0000000000000fba       0xef Core/Src/AppMain/AppMain.o
 .debug_macro   0x00000000000010a9       0x6a Core/Src/AppMain/AppMain.o
 .debug_macro   0x0000000000001113      0x1df Core/Src/AppMain/AppMain.o
 .debug_macro   0x00000000000012f2       0x1c Core/Src/AppMain/AppMain.o
 .debug_macro   0x000000000000130e       0x22 Core/Src/AppMain/AppMain.o
 .debug_macro   0x0000000000001330       0xdf Core/Src/AppMain/AppMain.o
 .debug_macro   0x000000000000140f      0xf07 Core/Src/AppMain/AppMain.o
 .debug_macro   0x0000000000002316    0x10bd9 Core/Src/AppMain/AppMain.o
 .debug_macro   0x0000000000012eef       0x43 Core/Src/AppMain/AppMain.o
 .debug_macro   0x0000000000012f32      0x17b Core/Src/AppMain/AppMain.o
 .debug_macro   0x00000000000130ad       0x53 Core/Src/AppMain/AppMain.o
 .debug_macro   0x0000000000013100      0x8f9 Core/Src/AppMain/AppMain.o
 .debug_macro   0x00000000000139f9      0x304 Core/Src/AppMain/AppMain.o
 .debug_macro   0x0000000000013cfd      0x12f Core/Src/AppMain/AppMain.o
 .debug_macro   0x0000000000013e2c      0x11b Core/Src/AppMain/AppMain.o
 .debug_macro   0x0000000000013f47      0x1d5 Core/Src/AppMain/AppMain.o
 .debug_macro   0x000000000001411c      0x1bc Core/Src/AppMain/AppMain.o
 .debug_macro   0x00000000000142d8       0x34 Core/Src/AppMain/AppMain.o
 .debug_macro   0x000000000001430c       0x3c Core/Src/AppMain/AppMain.o
 .debug_macro   0x0000000000014348       0x57 Core/Src/AppMain/AppMain.o
 .debug_macro   0x000000000001439f       0xc5 Core/Src/AppMain/AppMain.o
 .debug_macro   0x0000000000014464      0x19f Core/Src/AppMain/AppMain.o
 .debug_macro   0x0000000000014603      0x22c Core/Src/AppMain/AppMain.o
 .debug_macro   0x000000000001482f       0x58 Core/Src/AppMain/AppMain.o
 .debug_macro   0x0000000000014887       0xa5 Core/Src/AppMain/AppMain.o
 .debug_macro   0x000000000001492c       0x81 Core/Src/AppMain/AppMain.o
 .debug_macro   0x00000000000149ad       0xd3 Core/Src/AppMain/AppMain.o
 .debug_macro   0x0000000000014a80      0x589 Core/Src/AppMain/AppMain.o
 .debug_macro   0x0000000000015009       0x44 Core/Src/AppMain/AppMain.o
 .debug_macro   0x000000000001504d      0x285 Core/Src/AppMain/AppMain.o
 .debug_macro   0x00000000000152d2       0xe2 Core/Src/AppMain/AppMain.o
 .debug_macro   0x00000000000153b4       0x10 Core/Src/AppMain/AppMain.o
 .debug_macro   0x00000000000153c4      0x1d0 Core/Src/LCD_Driver/LCDDriver.o
 .debug_macro   0x0000000000015594      0x166 Core/Src/LCD_Driver/LCDDriver.o
 .debug_macro   0x00000000000156fa      0x1c2 Core/Src/gpio.o
 .debug_macro   0x00000000000158bc      0xa5a Core/Src/gpio.o
 .debug_macro   0x0000000000016316      0xf07 Core/Src/gpio.o
 .debug_macro   0x000000000001721d      0x174 Core/Src/gpio.o
 .debug_macro   0x0000000000017391       0xdc Core/Src/gpio.o
 .debug_macro   0x000000000001746d      0x1e8 Core/Src/main.o
 .debug_macro   0x0000000000017655      0x1b8 Core/Src/stm32f3xx_hal_msp.o
 .debug_macro   0x000000000001780d      0x1c2 Core/Src/stm32f3xx_it.o
 .debug_macro   0x00000000000179cf      0x1af Core/Src/system_stm32f3xx.o
 .debug_macro   0x0000000000017b7e      0x1c2 Core/Src/usart.o
 .debug_macro   0x0000000000017d40      0x1cd Drivers/STM32F3xx_HAL_Driver/Src/stm32f3xx_hal.o
 .debug_macro   0x0000000000017f0d      0x1a9 Drivers/STM32F3xx_HAL_Driver/Src/stm32f3xx_hal_cortex.o
 .debug_macro   0x00000000000180b6      0x1e1 Drivers/STM32F3xx_HAL_Driver/Src/stm32f3xx_hal_gpio.o
 .debug_macro   0x0000000000018297      0x1cd Drivers/STM32F3xx_HAL_Driver/Src/stm32f3xx_hal_rcc.o
 .debug_macro   0x0000000000018464      0x1c6 Drivers/STM32F3xx_HAL_Driver/Src/stm32f3xx_hal_uart.o

.debug_line     0x0000000000000000     0x6ef1
 .debug_line    0x0000000000000000      0x6bc Core/Src/AppMain/AppMain.o
 .debug_line    0x00000000000006bc      0x73d Core/Src/LCD_Driver/LCDDriver.o
 .debug_line    0x0000000000000df9      0x67f Core/Src/gpio.o
 .debug_line    0x0000000000001478      0x730 Core/Src/main.o
 .debug_line    0x0000000000001ba8      0x66b Core/Src/stm32f3xx_hal_msp.o
 .debug_line    0x0000000000002213      0x70f Core/Src/stm32f3xx_it.o
 .debug_line    0x0000000000002922      0x689 Core/Src/system_stm32f3xx.o
 .debug_line    0x0000000000002fab      0x6a1 Core/Src/usart.o
 .debug_line    0x000000000000364c       0x85 Core/Startup/startup_stm32f303k8tx.o
 .debug_line    0x00000000000036d1      0x846 Drivers/STM32F3xx_HAL_Driver/Src/stm32f3xx_hal.o
 .debug_line    0x0000000000003f17      0x91d Drivers/STM32F3xx_HAL_Driver/Src/stm32f3xx_hal_cortex.o
 .debug_line    0x0000000000004834      0x7e7 Drivers/STM32F3xx_HAL_Driver/Src/stm32f3xx_hal_gpio.o
 .debug_line    0x000000000000501b      0xdbe Drivers/STM32F3xx_HAL_Driver/Src/stm32f3xx_hal_rcc.o
 .debug_line    0x0000000000005dd9     0x1118 Drivers/STM32F3xx_HAL_Driver/Src/stm32f3xx_hal_uart.o

.debug_str      0x0000000000000000    0x7ed8c
 .debug_str     0x0000000000000000    0x7c46d Core/Src/AppMain/AppMain.o
                                      0x7c678 (size before relaxing)
 .debug_str     0x000000000007c46d      0x831 Core/Src/LCD_Driver/LCDDriver.o
                                      0x7ce47 (size before relaxing)
 .debug_str     0x000000000007cc9e      0x286 Core/Src/gpio.o
                                      0x7c0bf (size before relaxing)
 .debug_str     0x000000000007cf24      0x5e8 Core/Src/main.o
                                      0x7cd85 (size before relaxing)
 .debug_str     0x000000000007d50c       0x2c Core/Src/stm32f3xx_hal_msp.o
                                      0x7c024 (size before relaxing)
 .debug_str     0x000000000007d538       0xbd Core/Src/stm32f3xx_it.o
                                      0x7c05b (size before relaxing)
 .debug_str     0x000000000007d5f5       0xd1 Core/Src/system_stm32f3xx.o
                                      0x7bdfc (size before relaxing)
 .debug_str     0x000000000007d6c6       0x57 Core/Src/usart.o
                                      0x7c4ca (size before relaxing)
 .debug_str     0x000000000007d71d       0x36 Core/Startup/startup_stm32f303k8tx.o
                                         0x8c (size before relaxing)
 .debug_str     0x000000000007d753      0x604 Drivers/STM32F3xx_HAL_Driver/Src/stm32f3xx_hal.o
                                      0x7c436 (size before relaxing)
 .debug_str     0x000000000007dd57      0x2b5 Drivers/STM32F3xx_HAL_Driver/Src/stm32f3xx_hal_cortex.o
                                      0x7c417 (size before relaxing)
 .debug_str     0x000000000007e00c      0x26a Drivers/STM32F3xx_HAL_Driver/Src/stm32f3xx_hal_gpio.o
                                      0x7c0c0 (size before relaxing)
 .debug_str     0x000000000007e276      0x300 Drivers/STM32F3xx_HAL_Driver/Src/stm32f3xx_hal_rcc.o
                                      0x7c256 (size before relaxing)
 .debug_str     0x000000000007e576      0x816 Drivers/STM32F3xx_HAL_Driver/Src/stm32f3xx_hal_uart.o
                                      0x7c9b6 (size before relaxing)

.comment        0x0000000000000000       0x7b
 .comment       0x0000000000000000       0x7b Core/Src/AppMain/AppMain.o
                                         0x7c (size before relaxing)
 .comment       0x000000000000007b       0x7c Core/Src/LCD_Driver/LCDDriver.o
 .comment       0x000000000000007b       0x7c Core/Src/gpio.o
 .comment       0x000000000000007b       0x7c Core/Src/main.o
 .comment       0x000000000000007b       0x7c Core/Src/stm32f3xx_hal_msp.o
 .comment       0x000000000000007b       0x7c Core/Src/stm32f3xx_it.o
 .comment       0x000000000000007b       0x7c Core/Src/system_stm32f3xx.o
 .comment       0x000000000000007b       0x7c Core/Src/usart.o
 .comment       0x000000000000007b       0x7c Drivers/STM32F3xx_HAL_Driver/Src/stm32f3xx_hal.o
 .comment       0x000000000000007b       0x7c Drivers/STM32F3xx_HAL_Driver/Src/stm32f3xx_hal_cortex.o
 .comment       0x000000000000007b       0x7c Drivers/STM32F3xx_HAL_Driver/Src/stm32f3xx_hal_gpio.o
 .comment       0x000000000000007b       0x7c Drivers/STM32F3xx_HAL_Driver/Src/stm32f3xx_hal_rcc.o
 .comment       0x000000000000007b       0x7c Drivers/STM32F3xx_HAL_Driver/Src/stm32f3xx_hal_uart.o

.debug_frame    0x0000000000000000     0x18f8
 .debug_frame   0x0000000000000000       0x54 Core/Src/AppMain/AppMain.o
 .debug_frame   0x0000000000000054      0x138 Core/Src/LCD_Driver/LCDDriver.o
 .debug_frame   0x000000000000018c       0x34 Core/Src/gpio.o
 .debug_frame   0x00000000000001c0       0xb0 Core/Src/main.o
 .debug_frame   0x0000000000000270       0x38 Core/Src/stm32f3xx_hal_msp.o
 .debug_frame   0x00000000000002a8      0x10c Core/Src/stm32f3xx_it.o
 .debug_frame   0x00000000000003b4       0x58 Core/Src/system_stm32f3xx.o
 .debug_frame   0x000000000000040c       0x74 Core/Src/usart.o
 .debug_frame   0x0000000000000480      0x334 Drivers/STM32F3xx_HAL_Driver/Src/stm32f3xx_hal.o
 .debug_frame   0x00000000000007b4      0x428 Drivers/STM32F3xx_HAL_Driver/Src/stm32f3xx_hal_cortex.o
 .debug_frame   0x0000000000000bdc      0x14c Drivers/STM32F3xx_HAL_Driver/Src/stm32f3xx_hal_gpio.o
 .debug_frame   0x0000000000000d28      0x214 Drivers/STM32F3xx_HAL_Driver/Src/stm32f3xx_hal_rcc.o
 .debug_frame   0x0000000000000f3c      0x970 Drivers/STM32F3xx_HAL_Driver/Src/stm32f3xx_hal_uart.o
 .debug_frame   0x00000000000018ac       0x2c c:/st/stm32cubeide_1.3.0/stm32cubeide/plugins/com.st.stm32cube.ide.mcu.externaltools.gnu-tools-for-stm32.7-2018-q2-update.win32_1.0.0.201904181610/tools/bin/../lib/gcc/arm-none-eabi/7.3.1/../../../../arm-none-eabi/lib/thumb/v7e-m/fpv4-sp/hard\libc_nano.a(lib_a-init.o)
 .debug_frame   0x00000000000018d8       0x20 c:/st/stm32cubeide_1.3.0/stm32cubeide/plugins/com.st.stm32cube.ide.mcu.externaltools.gnu-tools-for-stm32.7-2018-q2-update.win32_1.0.0.201904181610/tools/bin/../lib/gcc/arm-none-eabi/7.3.1/../../../../arm-none-eabi/lib/thumb/v7e-m/fpv4-sp/hard\libc_nano.a(lib_a-memset.o)
