Archive member included to satisfy reference by file (symbol)

c:/st/stm32cubeide_1.3.0/stm32cubeide/plugins/com.st.stm32cube.ide.mcu.externaltools.gnu-tools-for-stm32.7-2018-q2-update.win32_1.0.0.201904181610/tools/bin/../lib/gcc/arm-none-eabi/7.3.1/../../../../arm-none-eabi/lib/thumb/v7e-m/fpv4-sp/hard\libstdc++_nano.a(allocator-inst.o)
                              Core/Src/AppMain/AppMain.o (std::allocator<char>::allocator())
c:/st/stm32cubeide_1.3.0/stm32cubeide/plugins/com.st.stm32cube.ide.mcu.externaltools.gnu-tools-for-stm32.7-2018-q2-update.win32_1.0.0.201904181610/tools/bin/../lib/gcc/arm-none-eabi/7.3.1/../../../../arm-none-eabi/lib/thumb/v7e-m/fpv4-sp/hard\libstdc++_nano.a(string-inst.o)
                              Core/Src/AppMain/AppMain.o (std::__cxx11::basic_string<char, std::char_traits<char>, std::allocator<char> >::~basic_string())
c:/st/stm32cubeide_1.3.0/stm32cubeide/plugins/com.st.stm32cube.ide.mcu.externaltools.gnu-tools-for-stm32.7-2018-q2-update.win32_1.0.0.201904181610/tools/bin/../lib/gcc/arm-none-eabi/7.3.1/../../../../arm-none-eabi/lib/thumb/v7e-m/fpv4-sp/hard\libstdc++_nano.a(new_op.o)
                              c:/st/stm32cubeide_1.3.0/stm32cubeide/plugins/com.st.stm32cube.ide.mcu.externaltools.gnu-tools-for-stm32.7-2018-q2-update.win32_1.0.0.201904181610/tools/bin/../lib/gcc/arm-none-eabi/7.3.1/../../../../arm-none-eabi/lib/thumb/v7e-m/fpv4-sp/hard\libstdc++_nano.a(string-inst.o) (operator new(unsigned int))
c:/st/stm32cubeide_1.3.0/stm32cubeide/plugins/com.st.stm32cube.ide.mcu.externaltools.gnu-tools-for-stm32.7-2018-q2-update.win32_1.0.0.201904181610/tools/bin/../lib/gcc/arm-none-eabi/7.3.1/../../../../arm-none-eabi/lib/thumb/v7e-m/fpv4-sp/hard\libstdc++_nano.a(new_handler.o)
                              c:/st/stm32cubeide_1.3.0/stm32cubeide/plugins/com.st.stm32cube.ide.mcu.externaltools.gnu-tools-for-stm32.7-2018-q2-update.win32_1.0.0.201904181610/tools/bin/../lib/gcc/arm-none-eabi/7.3.1/../../../../arm-none-eabi/lib/thumb/v7e-m/fpv4-sp/hard\libstdc++_nano.a(new_op.o) (std::get_new_handler())
c:/st/stm32cubeide_1.3.0/stm32cubeide/plugins/com.st.stm32cube.ide.mcu.externaltools.gnu-tools-for-stm32.7-2018-q2-update.win32_1.0.0.201904181610/tools/bin/../lib/gcc/arm-none-eabi/7.3.1/../../../../arm-none-eabi/lib/thumb/v7e-m/fpv4-sp/hard\libstdc++_nano.a(del_op.o)
                              c:/st/stm32cubeide_1.3.0/stm32cubeide/plugins/com.st.stm32cube.ide.mcu.externaltools.gnu-tools-for-stm32.7-2018-q2-update.win32_1.0.0.201904181610/tools/bin/../lib/gcc/arm-none-eabi/7.3.1/../../../../arm-none-eabi/lib/thumb/v7e-m/fpv4-sp/hard\libstdc++_nano.a(string-inst.o) (operator delete(void*))
c:/st/stm32cubeide_1.3.0/stm32cubeide/plugins/com.st.stm32cube.ide.mcu.externaltools.gnu-tools-for-stm32.7-2018-q2-update.win32_1.0.0.201904181610/tools/bin/../lib/gcc/arm-none-eabi/7.3.1/../../../../arm-none-eabi/lib/thumb/v7e-m/fpv4-sp/hard\libstdc++_nano.a(functexcept.o)
                              c:/st/stm32cubeide_1.3.0/stm32cubeide/plugins/com.st.stm32cube.ide.mcu.externaltools.gnu-tools-for-stm32.7-2018-q2-update.win32_1.0.0.201904181610/tools/bin/../lib/gcc/arm-none-eabi/7.3.1/../../../../arm-none-eabi/lib/thumb/v7e-m/fpv4-sp/hard\libstdc++_nano.a(string-inst.o) (std::__throw_logic_error(char const*))
c:/st/stm32cubeide_1.3.0/stm32cubeide/plugins/com.st.stm32cube.ide.mcu.externaltools.gnu-tools-for-stm32.7-2018-q2-update.win32_1.0.0.201904181610/tools/bin/../lib/gcc/arm-none-eabi/7.3.1/../../../../arm-none-eabi/lib/thumb/v7e-m/fpv4-sp/hard\libstdc++_nano.a(snprintf_lite.o)
                              c:/st/stm32cubeide_1.3.0/stm32cubeide/plugins/com.st.stm32cube.ide.mcu.externaltools.gnu-tools-for-stm32.7-2018-q2-update.win32_1.0.0.201904181610/tools/bin/../lib/gcc/arm-none-eabi/7.3.1/../../../../arm-none-eabi/lib/thumb/v7e-m/fpv4-sp/hard\libstdc++_nano.a(functexcept.o) (__gnu_cxx::__snprintf_lite(char*, unsigned int, char const*, std::__va_list))
c:/st/stm32cubeide_1.3.0/stm32cubeide/plugins/com.st.stm32cube.ide.mcu.externaltools.gnu-tools-for-stm32.7-2018-q2-update.win32_1.0.0.201904181610/tools/bin/../lib/gcc/arm-none-eabi/7.3.1/../../../../arm-none-eabi/lib/thumb/v7e-m/fpv4-sp/hard\libc_nano.a(lib_a-abort.o)
                              c:/st/stm32cubeide_1.3.0/stm32cubeide/plugins/com.st.stm32cube.ide.mcu.externaltools.gnu-tools-for-stm32.7-2018-q2-update.win32_1.0.0.201904181610/tools/bin/../lib/gcc/arm-none-eabi/7.3.1/../../../../arm-none-eabi/lib/thumb/v7e-m/fpv4-sp/hard\libstdc++_nano.a(new_op.o) (abort)
c:/st/stm32cubeide_1.3.0/stm32cubeide/plugins/com.st.stm32cube.ide.mcu.externaltools.gnu-tools-for-stm32.7-2018-q2-update.win32_1.0.0.201904181610/tools/bin/../lib/gcc/arm-none-eabi/7.3.1/../../../../arm-none-eabi/lib/thumb/v7e-m/fpv4-sp/hard\libc_nano.a(lib_a-errno.o)
                              Core/Src/syscalls.o (__errno)
[...]
Memory Configuration

Name             Origin             Length             Attributes
CCMRAM           0x0000000010000000 0x0000000000001000 xrw
RAM              0x0000000020000000 0x0000000000003000 xrw
FLASH            0x0000000008000000 0x0000000000010000 xr
*default*        0x0000000000000000 0xffffffffffffffff

Linker script and memory map

LOAD c:/st/stm32cubeide_1.3.0/stm32cubeide/plugins/com.st.stm32cube.ide.mcu.externaltools.gnu-tools-for-stm32.7-2018-q2-update.win32_1.0.0.201904181610/tools/bin/../lib/gcc/arm-none-eabi/7.3.1/thumb/v7e-m/fpv4-sp/hard/crti.o
LOAD c:/st/stm32cubeide_1.3.0/stm32cubeide/plugins/com.st.stm32cube.ide.mcu.externaltools.gnu-tools-for-stm32.7-2018-q2-update.win32_1.0.0.201904181610/tools/bin/../lib/gcc/arm-none-eabi/7.3.1/thumb/v7e-m/fpv4-sp/hard/crtbegin.o
LOAD c:/st/stm32cubeide_1.3.0/stm32cubeide/plugins/com.st.stm32cube.ide.mcu.externaltools.gnu-tools-for-stm32.7-2018-q2-update.win32_1.0.0.201904181610/tools/bin/../lib/gcc/arm-none-eabi/7.3.1/../../../../arm-none-eabi/lib/thumb/v7e-m/fpv4-sp/hard/crt0.o
LOAD Core/Src/AppMain/AppMain.o
LOAD Core/Src/LCD_Driver/LCDDriver.o
LOAD Core/Src/gpio.o
LOAD Core/Src/i2c.o
LOAD Core/Src/main.o
LOAD Core/Src/stm32f3xx_hal_msp.o
LOAD Core/Src/stm32f3xx_it.o
LOAD Core/Src/syscalls.o
LOAD Core/Src/sysmem.o
LOAD Core/Src/system_stm32f3xx.o
LOAD Core/Startup/startup_stm32f303k8tx.o
LOAD Drivers/STM32F3xx_HAL_Driver/Src/stm32f3xx_hal.o
LOAD Drivers/STM32F3xx_HAL_Driver/Src/stm32f3xx_hal_cortex.o
LOAD Drivers/STM32F3xx_HAL_Driver/Src/stm32f3xx_hal_dma.o
LOAD Drivers/STM32F3xx_HAL_Driver/Src/stm32f3xx_hal_exti.o
LOAD Drivers/STM32F3xx_HAL_Driver/Src/stm32f3xx_hal_flash.o
LOAD Drivers/STM32F3xx_HAL_Driver/Src/stm32f3xx_hal_flash_ex.o
LOAD Drivers/STM32F3xx_HAL_Driver/Src/stm32f3xx_hal_gpio.o
LOAD Drivers/STM32F3xx_HAL_Driver/Src/stm32f3xx_hal_i2c.o
LOAD Drivers/STM32F3xx_HAL_Driver/Src/stm32f3xx_hal_i2c_ex.o
LOAD Drivers/STM32F3xx_HAL_Driver/Src/stm32f3xx_hal_pwr.o
LOAD Drivers/STM32F3xx_HAL_Driver/Src/stm32f3xx_hal_pwr_ex.o
LOAD Drivers/STM32F3xx_HAL_Driver/Src/stm32f3xx_hal_rcc.o
LOAD Drivers/STM32F3xx_HAL_Driver/Src/stm32f3xx_hal_rcc_ex.o
LOAD Drivers/STM32F3xx_HAL_Driver/Src/stm32f3xx_hal_tim.o
LOAD Drivers/STM32F3xx_HAL_Driver/Src/stm32f3xx_hal_tim_ex.o
START GROUP
LOAD c:/st/stm32cubeide_1.3.0/stm32cubeide/plugins/com.st.stm32cube.ide.mcu.externaltools.gnu-tools-for-stm32.7-2018-q2-update.win32_1.0.0.201904181610/tools/bin/../lib/gcc/arm-none-eabi/7.3.1/../../../../arm-none-eabi/lib/thumb/v7e-m/fpv4-sp/hard\libstdc++_nano.a
LOAD c:/st/stm32cubeide_1.3.0/stm32cubeide/plugins/com.st.stm32cube.ide.mcu.externaltools.gnu-tools-for-stm32.7-2018-q2-update.win32_1.0.0.201904181610/tools/bin/../lib/gcc/arm-none-eabi/7.3.1/../../../../arm-none-eabi/lib/thumb/v7e-m/fpv4-sp/hard\libsupc++_nano.a
END GROUP
LOAD c:/st/stm32cubeide_1.3.0/stm32cubeide/plugins/com.st.stm32cube.ide.mcu.externaltools.gnu-tools-for-stm32.7-2018-q2-update.win32_1.0.0.201904181610/tools/bin/../lib/gcc/arm-none-eabi/7.3.1/../../../../arm-none-eabi/lib/thumb/v7e-m/fpv4-sp/hard\libstdc++_nano.a
LOAD c:/st/stm32cubeide_1.3.0/stm32cubeide/plugins/com.st.stm32cube.ide.mcu.externaltools.gnu-tools-for-stm32.7-2018-q2-update.win32_1.0.0.201904181610/tools/bin/../lib/gcc/arm-none-eabi/7.3.1/../../../../arm-none-eabi/lib/thumb/v7e-m/fpv4-sp/hard\libm.a
LOAD c:/st/stm32cubeide_1.3.0/stm32cubeide/plugins/com.st.stm32cube.ide.mcu.externaltools.gnu-tools-for-stm32.7-2018-q2-update.win32_1.0.0.201904181610/tools/bin/../lib/gcc/arm-none-eabi/7.3.1/../../../../arm-none-eabi/lib/thumb/v7e-m/fpv4-sp/hard\libc_nano.a
START GROUP
LOAD c:/st/stm32cubeide_1.3.0/stm32cubeide/plugins/com.st.stm32cube.ide.mcu.externaltools.gnu-tools-for-stm32.7-2018-q2-update.win32_1.0.0.201904181610/tools/bin/../lib/gcc/arm-none-eabi/7.3.1/thumb/v7e-m/fpv4-sp/hard\libgcc.a
LOAD c:/st/stm32cubeide_1.3.0/stm32cubeide/plugins/com.st.stm32cube.ide.mcu.externaltools.gnu-tools-for-stm32.7-2018-q2-update.win32_1.0.0.201904181610/tools/bin/../lib/gcc/arm-none-eabi/7.3.1/../../../../arm-none-eabi/lib/thumb/v7e-m/fpv4-sp/hard\libc_nano.a
END GROUP
START GROUP
LOAD c:/st/stm32cubeide_1.3.0/stm32cubeide/plugins/com.st.stm32cube.ide.mcu.externaltools.gnu-tools-for-stm32.7-2018-q2-update.win32_1.0.0.201904181610/tools/bin/../lib/gcc/arm-none-eabi/7.3.1/thumb/v7e-m/fpv4-sp/hard\libgcc.a
LOAD c:/st/stm32cubeide_1.3.0/stm32cubeide/plugins/com.st.stm32cube.ide.mcu.externaltools.gnu-tools-for-stm32.7-2018-q2-update.win32_1.0.0.201904181610/tools/bin/../lib/gcc/arm-none-eabi/7.3.1/../../../../arm-none-eabi/lib/thumb/v7e-m/fpv4-sp/hard\libc_nano.a
END GROUP
LOAD c:/st/stm32cubeide_1.3.0/stm32cubeide/plugins/com.st.stm32cube.ide.mcu.externaltools.gnu-tools-for-stm32.7-2018-q2-update.win32_1.0.0.201904181610/tools/bin/../lib/gcc/arm-none-eabi/7.3.1/thumb/v7e-m/fpv4-sp/hard/crtend.o
LOAD c:/st/stm32cubeide_1.3.0/stm32cubeide/plugins/com.st.stm32cube.ide.mcu.externaltools.gnu-tools-for-stm32.7-2018-q2-update.win32_1.0.0.201904181610/tools/bin/../lib/gcc/arm-none-eabi/7.3.1/thumb/v7e-m/fpv4-sp/hard/crtn.o
                0x0000000020003000                _estack = (ORIGIN (RAM) + LENGTH (RAM))
                0x0000000000000200                _Min_Heap_Size = 0x200
                0x0000000000000400                _Min_Stack_Size = 0x400

.isr_vector     0x0000000008000000      0x188
                0x0000000008000000                . = ALIGN (0x4)
 *(.isr_vector)
 .isr_vector    0x0000000008000000      0x188 Core/Startup/startup_stm32f303k8tx.o
                0x0000000008000000                g_pfnVectors
                0x0000000008000188                . = ALIGN (0x4)

.text           0x0000000008000188     0x2f50
                0x0000000008000188                . = ALIGN (0x4)
 *(.text)
 .text          0x0000000008000188       0x40 c:/st/stm32cubeide_1.3.0/stm32cubeide/plugins/com.st.stm32cube.ide.mcu.externaltools.gnu-tools-for-stm32.7-2018-q2-update.win32_1.0.0.201904181610/tools/bin/../lib/gcc/arm-none-eabi/7.3.1/thumb/v7e-m/fpv4-sp/hard/crtbegin.o
 .text          0x00000000080001c8       0x10 c:/st/stm32cubeide_1.3.0/stm32cubeide/plugins/com.st.stm32cube.ide.mcu.externaltools.gnu-tools-for-stm32.7-2018-q2-update.win32_1.0.0.201904181610/tools/bin/../lib/gcc/arm-none-eabi/7.3.1/../../../../arm-none-eabi/lib/thumb/v7e-m/fpv4-sp/hard\libc_nano.a(lib_a-strlen.o)
                0x00000000080001c8                strlen
 *(.text*)
 .text._ZN7AppMainC2Ev
                0x00000000080001d8       0x1a Core/Src/AppMain/AppMain.o
                0x00000000080001d8                AppMain::AppMain()
                0x00000000080001d8                AppMain::AppMain()
 *fill*         0x00000000080001f2        0x2 
 .text._ZN7AppMain4mainEv
                0x00000000080001f4      0x1f4 Core/Src/AppMain/AppMain.o
                0x00000000080001f4                AppMain::main()
 .text._ZN9LCDDriverC2Ev
                0x00000000080003e8       0x16 Core/Src/LCD_Driver/LCDDriver.o
                0x00000000080003e8                LCDDriver::LCDDriver()
                0x00000000080003e8                LCDDriver::LCDDriver()
 .text._ZN9LCDDriver7InitLCDEv
                0x00000000080003fe       0xc4 Core/Src/LCD_Driver/LCDDriver.o
                0x00000000080003fe                LCDDriver::InitLCD()
 .text._ZN9LCDDriver9WriteTextENSt7__cxx1112basic_stringIcSt11char_traitsIcESaIcEEE
                0x00000000080004c2       0x58 Core/Src/LCD_Driver/LCDDriver.o
                0x00000000080004c2                LCDDriver::WriteText(std::__cxx11::basic_string<char, std::char_traits<char>, std::allocator<char> >)
 .text._ZN9LCDDriver10SetLCDSizeENS_9LCD_SIZE_E
                0x000000000800051a       0x7e Core/Src/LCD_Driver/LCDDriver.o
                0x000000000800051a                LCDDriver::SetLCDSize(LCDDriver::LCD_SIZE_)
 .text._ZN9LCDDriver12ClearDisplayEv
                0x0000000008000598       0x42 Core/Src/LCD_Driver/LCDDriver.o
                0x0000000008000598                LCDDriver::ClearDisplay()
 .text._ZN9LCDDriver17SetAddressPointerEhh
                0x00000000080005da       0x3c Core/Src/LCD_Driver/LCDDriver.o
                0x00000000080005da                LCDDriver::SetAddressPointer(unsigned char, unsigned char)
 .text._ZN9LCDDriver14WriteData_8bitEh
                0x0000000008000616       0x6a Core/Src/LCD_Driver/LCDDriver.o
                0x0000000008000616                LCDDriver::WriteData_8bit(unsigned char)
 .text._ZN9LCDDriver14WriteData_8bitEhh
                0x0000000008000680       0xa6 Core/Src/LCD_Driver/LCDDriver.o
                0x0000000008000680                LCDDriver::WriteData_8bit(unsigned char, unsigned char)
 .text._ZN9LCDDriver15WriteData_16bitEht
                0x0000000008000726       0xe4 Core/Src/LCD_Driver/LCDDriver.o
                0x0000000008000726                LCDDriver::WriteData_16bit(unsigned char, unsigned short)
 .text._ZN9LCDDriver8PushDataEv
                0x000000000800080a       0x44 Core/Src/LCD_Driver/LCDDriver.o
                0x000000000800080a                LCDDriver::PushData()
 .text._ZN9LCDDriver11CheckStatusEh
                0x000000000800084e       0x8a Core/Src/LCD_Driver/LCDDriver.o
                0x000000000800084e                LCDDriver::CheckStatus(unsigned char)
 .text._ZN9LCDDriver11ReadDataPinEv
                0x00000000080008d8       0xe4 Core/Src/LCD_Driver/LCDDriver.o
                0x00000000080008d8                LCDDriver::ReadDataPin()
 .text._ZN9LCDDriver14GPIO_DirectionENS_14PIN_DIRECTION_E
                0x00000000080009bc       0xc0 Core/Src/LCD_Driver/LCDDriver.o
                0x00000000080009bc                LCDDriver::GPIO_Direction(LCDDriver::PIN_DIRECTION_)
 .text._ZN9LCDDriver12WriteDataPinEh
                0x0000000008000a7c       0xb4 Core/Src/LCD_Driver/LCDDriver.o
                0x0000000008000a7c                LCDDriver::WriteDataPin(unsigned char)
 .text._ZN9LCDDriver5ResetEv
                0x0000000008000b30       0x2e Core/Src/LCD_Driver/LCDDriver.o
                0x0000000008000b30                LCDDriver::Reset()
 *fill*         0x0000000008000b5e        0x2 
 .text.MX_GPIO_Init
                0x0000000008000b60       0xec Core/Src/gpio.o
                0x0000000008000b60                MX_GPIO_Init
 .text.MX_I2C1_Init
                0x0000000008000c4c       0x80 Core/Src/i2c.o
                0x0000000008000c4c                MX_I2C1_Init
 .text.HAL_I2C_MspInit
                0x0000000008000ccc       0x88 Core/Src/i2c.o
                0x0000000008000ccc                HAL_I2C_MspInit
 .text.main     0x0000000008000d54       0x20 Core/Src/main.o
                0x0000000008000d54                main
 .text._Z18SystemClock_Configv
                0x0000000008000d74       0xce Core/Src/main.o
                0x0000000008000d74                SystemClock_Config()
 .text.Error_Handler
                0x0000000008000e42        0xe Core/Src/main.o
                0x0000000008000e42                Error_Handler
 .text._Z41__static_initialization_and_destruction_0ii
                0x0000000008000e50       0x2c Core/Src/main.o
 .text._GLOBAL__sub_I_main
                0x0000000008000e7c       0x10 Core/Src/main.o
 .text.HAL_MspInit
                0x0000000008000e8c       0x48 Core/Src/stm32f3xx_hal_msp.o
                0x0000000008000e8c                HAL_MspInit
 .text.NMI_Handler
                0x0000000008000ed4        0xe Core/Src/stm32f3xx_it.o
                0x0000000008000ed4                NMI_Handler
 .text.HardFault_Handler
                0x0000000008000ee2        0x6 Core/Src/stm32f3xx_it.o
                0x0000000008000ee2                HardFault_Handler
 .text.MemManage_Handler
                0x0000000008000ee8        0x6 Core/Src/stm32f3xx_it.o
                0x0000000008000ee8                MemManage_Handler
 .text.BusFault_Handler
                0x0000000008000eee        0x6 Core/Src/stm32f3xx_it.o
                0x0000000008000eee                BusFault_Handler
 .text.UsageFault_Handler
                0x0000000008000ef4        0x6 Core/Src/stm32f3xx_it.o
                0x0000000008000ef4                UsageFault_Handler
 .text.SVC_Handler
                0x0000000008000efa        0xe Core/Src/stm32f3xx_it.o
                0x0000000008000efa                SVC_Handler
 .text.DebugMon_Handler
                0x0000000008000f08        0xe Core/Src/stm32f3xx_it.o
                0x0000000008000f08                DebugMon_Handler
 .text.PendSV_Handler
                0x0000000008000f16        0xe Core/Src/stm32f3xx_it.o
                0x0000000008000f16                PendSV_Handler
 .text.SysTick_Handler
                0x0000000008000f24        0xc Core/Src/stm32f3xx_it.o
                0x0000000008000f24                SysTick_Handler
 .text._getpid  0x0000000008000f30       0x10 Core/Src/syscalls.o
                0x0000000008000f30                _getpid
 .text._kill    0x0000000008000f40       0x20 Core/Src/syscalls.o
                0x0000000008000f40                _kill
 .text._exit    0x0000000008000f60       0x14 Core/Src/syscalls.o
                0x0000000008000f60                _exit
 .text._sbrk    0x0000000008000f74       0x58 Core/Src/sysmem.o
                0x0000000008000f74                _sbrk
 .text.SystemInit
                0x0000000008000fcc       0x2c Core/Src/system_stm32f3xx.o
                0x0000000008000fcc                SystemInit
 .text.Reset_Handler
                0x0000000008000ff8       0x50 Core/Startup/startup_stm32f303k8tx.o
                0x0000000008000ff8                Reset_Handler
 .text.Default_Handler
                0x0000000008001048        0x2 Core/Startup/startup_stm32f303k8tx.o
                0x0000000008001048                RTC_Alarm_IRQHandler
                0x0000000008001048                TIM1_CC_IRQHandler
                0x0000000008001048                PVD_IRQHandler
                0x0000000008001048                TAMP_STAMP_IRQHandler
                0x0000000008001048                EXTI3_IRQHandler
                0x0000000008001048                EXTI0_IRQHandler
                0x0000000008001048                FPU_IRQHandler
                0x0000000008001048                CAN_TX_IRQHandler
                0x0000000008001048                TIM1_UP_TIM16_IRQHandler
                0x0000000008001048                ADC1_2_IRQHandler
                0x0000000008001048                SPI1_IRQHandler
                0x0000000008001048                CAN_SCE_IRQHandler
                0x0000000008001048                DMA1_Channel4_IRQHandler
                0x0000000008001048                USART3_IRQHandler
                0x0000000008001048                DMA1_Channel7_IRQHandler
                0x0000000008001048                TIM7_DAC2_IRQHandler
                0x0000000008001048                CAN_RX1_IRQHandler
                0x0000000008001048                I2C1_EV_IRQHandler
                0x0000000008001048                DMA1_Channel6_IRQHandler
                0x0000000008001048                TIM3_IRQHandler
                0x0000000008001048                RCC_IRQHandler
                0x0000000008001048                DMA1_Channel1_IRQHandler
                0x0000000008001048                Default_Handler
                0x0000000008001048                EXTI15_10_IRQHandler
                0x0000000008001048                COMP2_IRQHandler
                0x0000000008001048                TIM6_DAC1_IRQHandler
                0x0000000008001048                EXTI9_5_IRQHandler
                0x0000000008001048                RTC_WKUP_IRQHandler
                0x0000000008001048                DMA1_Channel5_IRQHandler
                0x0000000008001048                EXTI4_IRQHandler
                0x0000000008001048                TIM1_TRG_COM_TIM17_IRQHandler
                0x0000000008001048                DMA1_Channel3_IRQHandler
                0x0000000008001048                WWDG_IRQHandler
                0x0000000008001048                TIM2_IRQHandler
                0x0000000008001048                EXTI1_IRQHandler
                0x0000000008001048                COMP4_6_IRQHandler
                0x0000000008001048                USART2_IRQHandler
                0x0000000008001048                DMA1_Channel2_IRQHandler
                0x0000000008001048                FLASH_IRQHandler
                0x0000000008001048                USART1_IRQHandler
                0x0000000008001048                CAN_RX0_IRQHandler
                0x0000000008001048                I2C1_ER_IRQHandler
                0x0000000008001048                EXTI2_TSC_IRQHandler
                0x0000000008001048                TIM1_BRK_TIM15_IRQHandler
 *fill*         0x000000000800104a        0x2 
 .text.HAL_Init
                0x000000000800104c       0x2c Drivers/STM32F3xx_HAL_Driver/Src/stm32f3xx_hal.o
                0x000000000800104c                HAL_Init
 .text.HAL_InitTick
                0x0000000008001078       0x60 Drivers/STM32F3xx_HAL_Driver/Src/stm32f3xx_hal.o
                0x0000000008001078                HAL_InitTick
 .text.HAL_IncTick
                0x00000000080010d8       0x28 Drivers/STM32F3xx_HAL_Driver/Src/stm32f3xx_hal.o
                0x00000000080010d8                HAL_IncTick
 .text.HAL_GetTick
                0x0000000008001100       0x18 Drivers/STM32F3xx_HAL_Driver/Src/stm32f3xx_hal.o
                0x0000000008001100                HAL_GetTick
 .text.HAL_Delay
                0x0000000008001118       0x44 Drivers/STM32F3xx_HAL_Driver/Src/stm32f3xx_hal.o
                0x0000000008001118                HAL_Delay
 .text.__NVIC_SetPriorityGrouping
                0x000000000800115c       0x48 Drivers/STM32F3xx_HAL_Driver/Src/stm32f3xx_hal_cortex.o
 .text.__NVIC_GetPriorityGrouping
                0x00000000080011a4       0x1c Drivers/STM32F3xx_HAL_Driver/Src/stm32f3xx_hal_cortex.o
 .text.__NVIC_SetPriority
                0x00000000080011c0       0x54 Drivers/STM32F3xx_HAL_Driver/Src/stm32f3xx_hal_cortex.o
 .text.NVIC_EncodePriority
                0x0000000008001214       0x66 Drivers/STM32F3xx_HAL_Driver/Src/stm32f3xx_hal_cortex.o
 *fill*         0x000000000800127a        0x2 
 .text.SysTick_Config
                0x000000000800127c       0x44 Drivers/STM32F3xx_HAL_Driver/Src/stm32f3xx_hal_cortex.o
 .text.HAL_NVIC_SetPriorityGrouping
                0x00000000080012c0       0x16 Drivers/STM32F3xx_HAL_Driver/Src/stm32f3xx_hal_cortex.o
                0x00000000080012c0                HAL_NVIC_SetPriorityGrouping
 .text.HAL_NVIC_SetPriority
                0x00000000080012d6       0x38 Drivers/STM32F3xx_HAL_Driver/Src/stm32f3xx_hal_cortex.o
                0x00000000080012d6                HAL_NVIC_SetPriority
 .text.HAL_SYSTICK_Config
                0x000000000800130e       0x18 Drivers/STM32F3xx_HAL_Driver/Src/stm32f3xx_hal_cortex.o
                0x000000000800130e                HAL_SYSTICK_Config
 *fill*         0x0000000008001326        0x2 
 .text.HAL_GPIO_Init
                0x0000000008001328      0x2e4 Drivers/STM32F3xx_HAL_Driver/Src/stm32f3xx_hal_gpio.o
                0x0000000008001328                HAL_GPIO_Init
 .text.HAL_GPIO_ReadPin
                0x000000000800160c       0x30 Drivers/STM32F3xx_HAL_Driver/Src/stm32f3xx_hal_gpio.o
                0x000000000800160c                HAL_GPIO_ReadPin
 .text.HAL_GPIO_WritePin
                0x000000000800163c       0x30 Drivers/STM32F3xx_HAL_Driver/Src/stm32f3xx_hal_gpio.o
                0x000000000800163c                HAL_GPIO_WritePin
 .text.HAL_I2C_Init
                0x000000000800166c      0x11e Drivers/STM32F3xx_HAL_Driver/Src/stm32f3xx_hal_i2c.o
                0x000000000800166c                HAL_I2C_Init
 .text.HAL_I2CEx_ConfigAnalogFilter
                0x000000000800178a       0x96 Drivers/STM32F3xx_HAL_Driver/Src/stm32f3xx_hal_i2c_ex.o
                0x000000000800178a                HAL_I2CEx_ConfigAnalogFilter
 .text.HAL_I2CEx_ConfigDigitalFilter
                0x0000000008001820       0x98 Drivers/STM32F3xx_HAL_Driver/Src/stm32f3xx_hal_i2c_ex.o
                0x0000000008001820                HAL_I2CEx_ConfigDigitalFilter
 .text.HAL_RCC_OscConfig
                0x00000000080018b8      0xe10 Drivers/STM32F3xx_HAL_Driver/Src/stm32f3xx_hal_rcc.o
                0x00000000080018b8                HAL_RCC_OscConfig
 .text.HAL_RCC_ClockConfig
                0x00000000080026c8      0x2f8 Drivers/STM32F3xx_HAL_Driver/Src/stm32f3xx_hal_rcc.o
                0x00000000080026c8                HAL_RCC_ClockConfig
 .text.HAL_RCC_GetSysClockFreq
                0x00000000080029c0       0xd4 Drivers/STM32F3xx_HAL_Driver/Src/stm32f3xx_hal_rcc.o
                0x00000000080029c0                HAL_RCC_GetSysClockFreq
 .text.HAL_RCCEx_PeriphCLKConfig
                0x0000000008002a94      0x24c Drivers/STM32F3xx_HAL_Driver/Src/stm32f3xx_hal_rcc_ex.o
                0x0000000008002a94                HAL_RCCEx_PeriphCLKConfig
 .text._ZNSaIcEC2Ev
                0x0000000008002ce0        0x2 c:/st/stm32cubeide_1.3.0/stm32cubeide/plugins/com.st.stm32cube.ide.mcu.externaltools.gnu-tools-for-stm32.7-2018-q2-update.win32_1.0.0.201904181610/tools/bin/../lib/gcc/arm-none-eabi/7.3.1/../../../../arm-none-eabi/lib/thumb/v7e-m/fpv4-sp/hard\libstdc++_nano.a(allocator-inst.o)
                0x0000000008002ce0                std::allocator<char>::allocator()
                0x0000000008002ce0                std::allocator<char>::allocator()
 .text._ZNSaIcED2Ev
                0x0000000008002ce2        0x2 c:/st/stm32cubeide_1.3.0/stm32cubeide/plugins/com.st.stm32cube.ide.mcu.externaltools.gnu-tools-for-stm32.7-2018-q2-update.win32_1.0.0.201904181610/tools/bin/../lib/gcc/arm-none-eabi/7.3.1/../../../../arm-none-eabi/lib/thumb/v7e-m/fpv4-sp/hard\libstdc++_nano.a(allocator-inst.o)
                0x0000000008002ce2                std::allocator<char>::~allocator()
                0x0000000008002ce2                std::allocator<char>::~allocator()
 .text._ZNSt11char_traitsIcE4copyEPcPKcj
                0x0000000008002ce4        0x8 c:/st/stm32cubeide_1.3.0/stm32cubeide/plugins/com.st.stm32cube.ide.mcu.externaltools.gnu-tools-for-stm32.7-2018-q2-update.win32_1.0.0.201904181610/tools/bin/../lib/gcc/arm-none-eabi/7.3.1/../../../../arm-none-eabi/lib/thumb/v7e-m/fpv4-sp/hard\libstdc++_nano.a(string-inst.o)
                0x0000000008002ce4                std::char_traits<char>::copy(char*, char const*, unsigned int)
 .text._ZNSt7__cxx1112basic_stringIcSt11char_traitsIcESaIcEE9_M_createERjj
                0x0000000008002cec       0x34 c:/st/stm32cubeide_1.3.0/stm32cubeide/plugins/com.st.stm32cube.ide.mcu.externaltools.gnu-tools-for-stm32.7-2018-q2-update.win32_1.0.0.201904181610/tools/bin/../lib/gcc/arm-none-eabi/7.3.1/../../../../arm-none-eabi/lib/thumb/v7e-m/fpv4-sp/hard\libstdc++_nano.a(string-inst.o)
                0x0000000008002cec                std::__cxx11::basic_string<char, std::char_traits<char>, std::allocator<char> >::_M_create(unsigned int&, unsigned int)
 .text._ZNSt7__cxx1112basic_stringIcSt11char_traitsIcESaIcEE10_M_disposeEv
                0x0000000008002d20       0x10 c:/st/stm32cubeide_1.3.0/stm32cubeide/plugins/com.st.stm32cube.ide.mcu.externaltools.gnu-tools-for-stm32.7-2018-q2-update.win32_1.0.0.201904181610/tools/bin/../lib/gcc/arm-none-eabi/7.3.1/../../../../arm-none-eabi/lib/thumb/v7e-m/fpv4-sp/hard\libstdc++_nano.a(string-inst.o)
                0x0000000008002d20                std::__cxx11::basic_string<char, std::char_traits<char>, std::allocator<char> >::_M_dispose()
 .text._ZNSt7__cxx1112basic_stringIcSt11char_traitsIcESaIcEE7_S_copyEPcPKcj
                0x0000000008002d30       0x12 c:/st/stm32cubeide_1.3.0/stm32cubeide/plugins/com.st.stm32cube.ide.mcu.externaltools.gnu-tools-for-stm32.7-2018-q2-update.win32_1.0.0.201904181610/tools/bin/../lib/gcc/arm-none-eabi/7.3.1/../../../../arm-none-eabi/lib/thumb/v7e-m/fpv4-sp/hard\libstdc++_nano.a(string-inst.o)
                0x0000000008002d30                std::__cxx11::basic_string<char, std::char_traits<char>, std::allocator<char> >::_S_copy(char*, char const*, unsigned int)
 .text._ZNSt7__cxx1112basic_stringIcSt11char_traitsIcESaIcEE13_S_copy_charsEPcPKcS7_
                0x0000000008002d42        0xa c:/st/stm32cubeide_1.3.0/stm32cubeide/plugins/com.st.stm32cube.ide.mcu.externaltools.gnu-tools-for-stm32.7-2018-q2-update.win32_1.0.0.201904181610/tools/bin/../lib/gcc/arm-none-eabi/7.3.1/../../../../arm-none-eabi/lib/thumb/v7e-m/fpv4-sp/hard\libstdc++_nano.a(string-inst.o)
                0x0000000008002d42                std::__cxx11::basic_string<char, std::char_traits<char>, std::allocator<char> >::_S_copy_chars(char*, char const*, char const*)
 .text._ZNSt7__cxx1112basic_stringIcSt11char_traitsIcESaIcEED2Ev
                0x0000000008002d4c        0xc c:/st/stm32cubeide_1.3.0/stm32cubeide/plugins/com.st.stm32cube.ide.mcu.externaltools.gnu-tools-for-stm32.7-2018-q2-update.win32_1.0.0.201904181610/tools/bin/../lib/gcc/arm-none-eabi/7.3.1/../../../../arm-none-eabi/lib/thumb/v7e-m/fpv4-sp/hard\libstdc++_nano.a(string-inst.o)
                0x0000000008002d4c                std::__cxx11::basic_string<char, std::char_traits<char>, std::allocator<char> >::~basic_string()
                0x0000000008002d4c                std::__cxx11::basic_string<char, std::char_traits<char>, std::allocator<char> >::~basic_string()
 .text._ZNSt7__cxx1112basic_stringIcSt11char_traitsIcESaIcEEixEj
                0x0000000008002d58        0x6 c:/st/stm32cubeide_1.3.0/stm32cubeide/plugins/com.st.stm32cube.ide.mcu.externaltools.gnu-tools-for-stm32.7-2018-q2-update.win32_1.0.0.201904181610/tools/bin/../lib/gcc/arm-none-eabi/7.3.1/../../../../arm-none-eabi/lib/thumb/v7e-m/fpv4-sp/hard\libstdc++_nano.a(string-inst.o)
                0x0000000008002d58                std::__cxx11::basic_string<char, std::char_traits<char>, std::allocator<char> >::operator[](unsigned int)
 *fill*         0x0000000008002d5e        0x2 
 .text._ZNSt7__cxx1112basic_stringIcSt11char_traitsIcESaIcEE12_M_constructIPKcEEvT_S8_St20forward_iterator_tag
                0x0000000008002d60       0x48 c:/st/stm32cubeide_1.3.0/stm32cubeide/plugins/com.st.stm32cube.ide.mcu.externaltools.gnu-tools-for-stm32.7-2018-q2-update.win32_1.0.0.201904181610/tools/bin/../lib/gcc/arm-none-eabi/7.3.1/../../../../arm-none-eabi/lib/thumb/v7e-m/fpv4-sp/hard\libstdc++_nano.a(string-inst.o)
                0x0000000008002d60                void std::__cxx11::basic_string<char, std::char_traits<char>, std::allocator<char> >::_M_construct<char const*>(char const*, char const*, std::forward_iterator_tag)
 .text._ZNSt7__cxx1112basic_stringIcSt11char_traitsIcESaIcEEC2EPKcRKS3_
                0x0000000008002da8       0x2c c:/st/stm32cubeide_1.3.0/stm32cubeide/plugins/com.st.stm32cube.ide.mcu.externaltools.gnu-tools-for-stm32.7-2018-q2-update.win32_1.0.0.201904181610/tools/bin/../lib/gcc/arm-none-eabi/7.3.1/../../../../arm-none-eabi/lib/thumb/v7e-m/fpv4-sp/hard\libstdc++_nano.a(string-inst.o)
                0x0000000008002da8                std::__cxx11::basic_string<char, std::char_traits<char>, std::allocator<char> >::basic_string(char const*, std::allocator<char> const&)
                0x0000000008002da8                std::__cxx11::basic_string<char, std::char_traits<char>, std::allocator<char> >::basic_string(char const*, std::allocator<char> const&)
 .text._Znwj    0x0000000008002dd4       0x22 c:/st/stm32cubeide_1.3.0/stm32cubeide/plugins/com.st.stm32cube.ide.mcu.externaltools.gnu-tools-for-stm32.7-2018-q2-update.win32_1.0.0.201904181610/tools/bin/../lib/gcc/arm-none-eabi/7.3.1/../../../../arm-none-eabi/lib/thumb/v7e-m/fpv4-sp/hard\libstdc++_nano.a(new_op.o)
                0x0000000008002dd4                operator new(unsigned int)
 *fill*         0x0000000008002df6        0x2 
 .text._ZSt15get_new_handlerv
                0x0000000008002df8       0x10 c:/st/stm32cubeide_1.3.0/stm32cubeide/plugins/com.st.stm32cube.ide.mcu.externaltools.gnu-tools-for-stm32.7-2018-q2-update.win32_1.0.0.201904181610/tools/bin/../lib/gcc/arm-none-eabi/7.3.1/../../../../arm-none-eabi/lib/thumb/v7e-m/fpv4-sp/hard\libstdc++_nano.a(new_handler.o)
                0x0000000008002df8                std::get_new_handler()
 .text._ZdlPv   0x0000000008002e08        0x4 c:/st/stm32cubeide_1.3.0/stm32cubeide/plugins/com.st.stm32cube.ide.mcu.externaltools.gnu-tools-for-stm32.7-2018-q2-update.win32_1.0.0.201904181610/tools/bin/../lib/gcc/arm-none-eabi/7.3.1/../../../../arm-none-eabi/lib/thumb/v7e-m/fpv4-sp/hard\libstdc++_nano.a(del_op.o)
                0x0000000008002e08                operator delete(void*)
 .text._ZSt19__throw_logic_errorPKc
                0x0000000008002e0c        0x6 c:/st/stm32cubeide_1.3.0/stm32cubeide/plugins/com.st.stm32cube.ide.mcu.externaltools.gnu-tools-for-stm32.7-2018-q2-update.win32_1.0.0.201904181610/tools/bin/../lib/gcc/arm-none-eabi/7.3.1/../../../../arm-none-eabi/lib/thumb/v7e-m/fpv4-sp/hard\libstdc++_nano.a(functexcept.o)
                0x0000000008002e0c                std::__throw_logic_error(char const*)
 .text._ZSt20__throw_length_errorPKc
                0x0000000008002e12        0x6 c:/st/stm32cubeide_1.3.0/stm32cubeide/plugins/com.st.stm32cube.ide.mcu.externaltools.gnu-tools-for-stm32.7-2018-q2-update.win32_1.0.0.201904181610/tools/bin/../lib/gcc/arm-none-eabi/7.3.1/../../../../arm-none-eabi/lib/thumb/v7e-m/fpv4-sp/hard\libstdc++_nano.a(functexcept.o)
                0x0000000008002e12                std::__throw_length_error(char const*)
 .text.abort    0x0000000008002e18        0xe c:/st/stm32cubeide_1.3.0/stm32cubeide/plugins/com.st.stm32cube.ide.mcu.externaltools.gnu-tools-for-stm32.7-2018-q2-update.win32_1.0.0.201904181610/tools/bin/../lib/gcc/arm-none-eabi/7.3.1/../../../../arm-none-eabi/lib/thumb/v7e-m/fpv4-sp/hard\libc_nano.a(lib_a-abort.o)
                0x0000000008002e18                abort
 *fill*         0x0000000008002e26        0x2 
 .text.__errno  0x0000000008002e28        0xc c:/st/stm32cubeide_1.3.0/stm32cubeide/plugins/com.st.stm32cube.ide.mcu.externaltools.gnu-tools-for-stm32.7-2018-q2-update.win32_1.0.0.201904181610/tools/bin/../lib/gcc/arm-none-eabi/7.3.1/../../../../arm-none-eabi/lib/thumb/v7e-m/fpv4-sp/hard\libc_nano.a(lib_a-errno.o)
                0x0000000008002e28                __errno
 .text.__libc_init_array
                0x0000000008002e34       0x48 c:/st/stm32cubeide_1.3.0/stm32cubeide/plugins/com.st.stm32cube.ide.mcu.externaltools.gnu-tools-for-stm32.7-2018-q2-update.win32_1.0.0.201904181610/tools/bin/../lib/gcc/arm-none-eabi/7.3.1/../../../../arm-none-eabi/lib/thumb/v7e-m/fpv4-sp/hard\libc_nano.a(lib_a-init.o)
                0x0000000008002e34                __libc_init_array
 .text.malloc   0x0000000008002e7c       0x10 c:/st/stm32cubeide_1.3.0/stm32cubeide/plugins/com.st.stm32cube.ide.mcu.externaltools.gnu-tools-for-stm32.7-2018-q2-update.win32_1.0.0.201904181610/tools/bin/../lib/gcc/arm-none-eabi/7.3.1/../../../../arm-none-eabi/lib/thumb/v7e-m/fpv4-sp/hard\libc_nano.a(lib_a-malloc.o)
                0x0000000008002e7c                malloc
 .text.free     0x0000000008002e8c       0x10 c:/st/stm32cubeide_1.3.0/stm32cubeide/plugins/com.st.stm32cube.ide.mcu.externaltools.gnu-tools-for-stm32.7-2018-q2-update.win32_1.0.0.201904181610/tools/bin/../lib/gcc/arm-none-eabi/7.3.1/../../../../arm-none-eabi/lib/thumb/v7e-m/fpv4-sp/hard\libc_nano.a(lib_a-malloc.o)
                0x0000000008002e8c                free
 .text.memcpy   0x0000000008002e9c       0x16 c:/st/stm32cubeide_1.3.0/stm32cubeide/plugins/com.st.stm32cube.ide.mcu.externaltools.gnu-tools-for-stm32.7-2018-q2-update.win32_1.0.0.201904181610/tools/bin/../lib/gcc/arm-none-eabi/7.3.1/../../../../arm-none-eabi/lib/thumb/v7e-m/fpv4-sp/hard\libc_nano.a(lib_a-memcpy-stub.o)
                0x0000000008002e9c                memcpy
 .text.memset   0x0000000008002eb2       0x10 c:/st/stm32cubeide_1.3.0/stm32cubeide/plugins/com.st.stm32cube.ide.mcu.externaltools.gnu-tools-for-stm32.7-2018-q2-update.win32_1.0.0.201904181610/tools/bin/../lib/gcc/arm-none-eabi/7.3.1/../../../../arm-none-eabi/lib/thumb/v7e-m/fpv4-sp/hard\libc_nano.a(lib_a-memset.o)
                0x0000000008002eb2                memset
 *fill*         0x0000000008002ec2        0x2 
 .text._free_r  0x0000000008002ec4       0x9c c:/st/stm32cubeide_1.3.0/stm32cubeide/plugins/com.st.stm32cube.ide.mcu.externaltools.gnu-tools-for-stm32.7-2018-q2-update.win32_1.0.0.201904181610/tools/bin/../lib/gcc/arm-none-eabi/7.3.1/../../../../arm-none-eabi/lib/thumb/v7e-m/fpv4-sp/hard\libc_nano.a(lib_a-nano-freer.o)
                0x0000000008002ec4                _free_r
 .text._malloc_r
                0x0000000008002f60       0xb4 c:/st/stm32cubeide_1.3.0/stm32cubeide/plugins/com.st.stm32cube.ide.mcu.externaltools.gnu-tools-for-stm32.7-2018-q2-update.win32_1.0.0.201904181610/tools/bin/../lib/gcc/arm-none-eabi/7.3.1/../../../../arm-none-eabi/lib/thumb/v7e-m/fpv4-sp/hard\libc_nano.a(lib_a-nano-mallocr.o)
                0x0000000008002f60                _malloc_r
 .text._sbrk_r  0x0000000008003014       0x20 c:/st/stm32cubeide_1.3.0/stm32cubeide/plugins/com.st.stm32cube.ide.mcu.externaltools.gnu-tools-for-stm32.7-2018-q2-update.win32_1.0.0.201904181610/tools/bin/../lib/gcc/arm-none-eabi/7.3.1/../../../../arm-none-eabi/lib/thumb/v7e-m/fpv4-sp/hard\libc_nano.a(lib_a-sbrkr.o)
                0x0000000008003014                _sbrk_r
 .text._raise_r
                0x0000000008003034       0x50 c:/st/stm32cubeide_1.3.0/stm32cubeide/plugins/com.st.stm32cube.ide.mcu.externaltools.gnu-tools-for-stm32.7-2018-q2-update.win32_1.0.0.201904181610/tools/bin/../lib/gcc/arm-none-eabi/7.3.1/../../../../arm-none-eabi/lib/thumb/v7e-m/fpv4-sp/hard\libc_nano.a(lib_a-signal.o)
                0x0000000008003034                _raise_r
 .text.raise    0x0000000008003084       0x10 c:/st/stm32cubeide_1.3.0/stm32cubeide/plugins/com.st.stm32cube.ide.mcu.externaltools.gnu-tools-for-stm32.7-2018-q2-update.win32_1.0.0.201904181610/tools/bin/../lib/gcc/arm-none-eabi/7.3.1/../../../../arm-none-eabi/lib/thumb/v7e-m/fpv4-sp/hard\libc_nano.a(lib_a-signal.o)
                0x0000000008003084                raise
 .text._kill_r  0x0000000008003094       0x24 c:/st/stm32cubeide_1.3.0/stm32cubeide/plugins/com.st.stm32cube.ide.mcu.externaltools.gnu-tools-for-stm32.7-2018-q2-update.win32_1.0.0.201904181610/tools/bin/../lib/gcc/arm-none-eabi/7.3.1/../../../../arm-none-eabi/lib/thumb/v7e-m/fpv4-sp/hard\libc_nano.a(lib_a-signalr.o)
                0x0000000008003094                _kill_r
 .text._getpid_r
                0x00000000080030b8        0x4 c:/st/stm32cubeide_1.3.0/stm32cubeide/plugins/com.st.stm32cube.ide.mcu.externaltools.gnu-tools-for-stm32.7-2018-q2-update.win32_1.0.0.201904181610/tools/bin/../lib/gcc/arm-none-eabi/7.3.1/../../../../arm-none-eabi/lib/thumb/v7e-m/fpv4-sp/hard\libc_nano.a(lib_a-signalr.o)
                0x00000000080030b8                _getpid_r
 .text.__malloc_lock
                0x00000000080030bc        0x2 c:/st/stm32cubeide_1.3.0/stm32cubeide/plugins/com.st.stm32cube.ide.mcu.externaltools.gnu-tools-for-stm32.7-2018-q2-update.win32_1.0.0.201904181610/tools/bin/../lib/gcc/arm-none-eabi/7.3.1/../../../../arm-none-eabi/lib/thumb/v7e-m/fpv4-sp/hard\libc_nano.a(lib_a-mlock.o)
                0x00000000080030bc                __malloc_lock
 .text.__malloc_unlock
                0x00000000080030be        0x2 c:/st/stm32cubeide_1.3.0/stm32cubeide/plugins/com.st.stm32cube.ide.mcu.externaltools.gnu-tools-for-stm32.7-2018-q2-update.win32_1.0.0.201904181610/tools/bin/../lib/gcc/arm-none-eabi/7.3.1/../../../../arm-none-eabi/lib/thumb/v7e-m/fpv4-sp/hard\libc_nano.a(lib_a-mlock.o)
                0x00000000080030be                __malloc_unlock
 *(.glue_7)
 .glue_7        0x00000000080030c0        0x0 linker stubs
 *(.glue_7t)
 .glue_7t       0x00000000080030c0        0x0 linker stubs
 *(.eh_frame)
 .eh_frame      0x00000000080030c0        0x0 c:/st/stm32cubeide_1.3.0/stm32cubeide/plugins/com.st.stm32cube.ide.mcu.externaltools.gnu-tools-for-stm32.7-2018-q2-update.win32_1.0.0.201904181610/tools/bin/../lib/gcc/arm-none-eabi/7.3.1/thumb/v7e-m/fpv4-sp/hard/crtbegin.o
 *(.init)
 .init          0x00000000080030c0        0x4 c:/st/stm32cubeide_1.3.0/stm32cubeide/plugins/com.st.stm32cube.ide.mcu.externaltools.gnu-tools-for-stm32.7-2018-q2-update.win32_1.0.0.201904181610/tools/bin/../lib/gcc/arm-none-eabi/7.3.1/thumb/v7e-m/fpv4-sp/hard/crti.o
                0x00000000080030c0                _init
 .init          0x00000000080030c4        0x8 c:/st/stm32cubeide_1.3.0/stm32cubeide/plugins/com.st.stm32cube.ide.mcu.externaltools.gnu-tools-for-stm32.7-2018-q2-update.win32_1.0.0.201904181610/tools/bin/../lib/gcc/arm-none-eabi/7.3.1/thumb/v7e-m/fpv4-sp/hard/crtn.o
 *(.fini)
 .fini          0x00000000080030cc        0x4 c:/st/stm32cubeide_1.3.0/stm32cubeide/plugins/com.st.stm32cube.ide.mcu.externaltools.gnu-tools-for-stm32.7-2018-q2-update.win32_1.0.0.201904181610/tools/bin/../lib/gcc/arm-none-eabi/7.3.1/thumb/v7e-m/fpv4-sp/hard/crti.o
                0x00000000080030cc                _fini
 .fini          0x00000000080030d0        0x8 c:/st/stm32cubeide_1.3.0/stm32cubeide/plugins/com.st.stm32cube.ide.mcu.externaltools.gnu-tools-for-stm32.7-2018-q2-update.win32_1.0.0.201904181610/tools/bin/../lib/gcc/arm-none-eabi/7.3.1/thumb/v7e-m/fpv4-sp/hard/crtn.o
                0x00000000080030d8                . = ALIGN (0x4)
                0x00000000080030d8                _etext = .

.vfp11_veneer   0x00000000080030d8        0x0
 .vfp11_veneer  0x00000000080030d8        0x0 linker stubs

.v4_bx          0x00000000080030d8        0x0
 .v4_bx         0x00000000080030d8        0x0 linker stubs

.iplt           0x00000000080030d8        0x0
 .iplt          0x00000000080030d8        0x0 c:/st/stm32cubeide_1.3.0/stm32cubeide/plugins/com.st.stm32cube.ide.mcu.externaltools.gnu-tools-for-stm32.7-2018-q2-update.win32_1.0.0.201904181610/tools/bin/../lib/gcc/arm-none-eabi/7.3.1/thumb/v7e-m/fpv4-sp/hard/crtbegin.o

.rodata         0x00000000080030d8      0x124
                0x00000000080030d8                . = ALIGN (0x4)
 *(.rodata)
 .rodata        0x00000000080030d8       0xae Core/Src/AppMain/AppMain.o
 *(.rodata*)
 *fill*         0x0000000008003186        0x2 
 .rodata.AHBPrescTable
                0x0000000008003188       0x10 Core/Src/system_stm32f3xx.o
                0x0000000008003188                AHBPrescTable
 .rodata.aPLLMULFactorTable
                0x0000000008003198       0x10 Drivers/STM32F3xx_HAL_Driver/Src/stm32f3xx_hal_rcc.o
                0x0000000008003198                aPLLMULFactorTable
 .rodata.aPredivFactorTable
                0x00000000080031a8       0x10 Drivers/STM32F3xx_HAL_Driver/Src/stm32f3xx_hal_rcc.o
                0x00000000080031a8                aPredivFactorTable
 .rodata._ZNSt7__cxx1112basic_stringIcSt11char_traitsIcESaIcEE12_M_constructIPcEEvT_S7_St20forward_iterator_tag.str1.1
                0x00000000080031b8       0x2a c:/st/stm32cubeide_1.3.0/stm32cubeide/plugins/com.st.stm32cube.ide.mcu.externaltools.gnu-tools-for-stm32.7-2018-q2-update.win32_1.0.0.201904181610/tools/bin/../lib/gcc/arm-none-eabi/7.3.1/../../../../arm-none-eabi/lib/thumb/v7e-m/fpv4-sp/hard\libstdc++_nano.a(string-inst.o)
 .rodata._ZNSt7__cxx1112basic_stringIcSt11char_traitsIcESaIcEE9_M_createERjj.str1.1
                0x00000000080031e2       0x18 c:/st/stm32cubeide_1.3.0/stm32cubeide/plugins/com.st.stm32cube.ide.mcu.externaltools.gnu-tools-for-stm32.7-2018-q2-update.win32_1.0.0.201904181610/tools/bin/../lib/gcc/arm-none-eabi/7.3.1/../../../../arm-none-eabi/lib/thumb/v7e-m/fpv4-sp/hard\libstdc++_nano.a(string-inst.o)
                0x00000000080031fc                . = ALIGN (0x4)
 *fill*         0x00000000080031fa        0x2 

.rel.dyn        0x00000000080031fc        0x0
 .rel.iplt      0x00000000080031fc        0x0 c:/st/stm32cubeide_1.3.0/stm32cubeide/plugins/com.st.stm32cube.ide.mcu.externaltools.gnu-tools-for-stm32.7-2018-q2-update.win32_1.0.0.201904181610/tools/bin/../lib/gcc/arm-none-eabi/7.3.1/thumb/v7e-m/fpv4-sp/hard/crtbegin.o

.ARM.extab      0x00000000080031fc        0x0
                0x00000000080031fc                . = ALIGN (0x4)
 *(.ARM.extab* .gnu.linkonce.armextab.*)
                0x00000000080031fc                . = ALIGN (0x4)

.ARM            0x00000000080031fc        0x0
                0x00000000080031fc                . = ALIGN (0x4)
                0x00000000080031fc                __exidx_start = .
 *(.ARM.exidx*)
                0x00000000080031fc                __exidx_end = .
                0x00000000080031fc                . = ALIGN (0x4)

.preinit_array  0x00000000080031fc        0x0
                0x00000000080031fc                . = ALIGN (0x4)
                0x00000000080031fc                PROVIDE (__preinit_array_start = .)
 *(.preinit_array*)
                0x00000000080031fc                PROVIDE (__preinit_array_end = .)
                0x00000000080031fc                . = ALIGN (0x4)

.init_array     0x00000000080031fc        0x8
                0x00000000080031fc                . = ALIGN (0x4)
                0x00000000080031fc                PROVIDE (__init_array_start = .)
 *(SORT_BY_NAME(.init_array.*))
 *(.init_array*)
 .init_array    0x00000000080031fc        0x4 c:/st/stm32cubeide_1.3.0/stm32cubeide/plugins/com.st.stm32cube.ide.mcu.externaltools.gnu-tools-for-stm32.7-2018-q2-update.win32_1.0.0.201904181610/tools/bin/../lib/gcc/arm-none-eabi/7.3.1/thumb/v7e-m/fpv4-sp/hard/crtbegin.o
 .init_array    0x0000000008003200        0x4 Core/Src/main.o
                0x0000000008003204                PROVIDE (__init_array_end = .)
                0x0000000008003204                . = ALIGN (0x4)

.fini_array     0x0000000008003204        0x4
                0x0000000008003204                . = ALIGN (0x4)
                [!provide]                        PROVIDE (__fini_array_start = .)
 *(SORT_BY_NAME(.fini_array.*))
 *(.fini_array*)
 .fini_array    0x0000000008003204        0x4 c:/st/stm32cubeide_1.3.0/stm32cubeide/plugins/com.st.stm32cube.ide.mcu.externaltools.gnu-tools-for-stm32.7-2018-q2-update.win32_1.0.0.201904181610/tools/bin/../lib/gcc/arm-none-eabi/7.3.1/thumb/v7e-m/fpv4-sp/hard/crtbegin.o
                [!provide]                        PROVIDE (__fini_array_end = .)
                0x0000000008003208                . = ALIGN (0x4)
                0x0000000008003208                _sidata = LOADADDR (.data)

.data           0x0000000020000000       0x70 load address 0x0000000008003208
                0x0000000020000000                . = ALIGN (0x4)
                0x0000000020000000                _sdata = .
 *(.data)
 *(.data*)
 .data.SystemCoreClock
                0x0000000020000000        0x4 Core/Src/system_stm32f3xx.o
                0x0000000020000000                SystemCoreClock
 .data.uwTickPrio
                0x0000000020000004        0x4 Drivers/STM32F3xx_HAL_Driver/Src/stm32f3xx_hal.o
                0x0000000020000004                uwTickPrio
 .data.uwTickFreq
                0x0000000020000008        0x1 Drivers/STM32F3xx_HAL_Driver/Src/stm32f3xx_hal.o
                0x0000000020000008                uwTickFreq
 *fill*         0x0000000020000009        0x3 
 .data._impure_ptr
                0x000000002000000c        0x4 c:/st/stm32cubeide_1.3.0/stm32cubeide/plugins/com.st.stm32cube.ide.mcu.externaltools.gnu-tools-for-stm32.7-2018-q2-update.win32_1.0.0.201904181610/tools/bin/../lib/gcc/arm-none-eabi/7.3.1/../../../../arm-none-eabi/lib/thumb/v7e-m/fpv4-sp/hard\libc_nano.a(lib_a-impure.o)
                0x000000002000000c                _impure_ptr
 .data.impure_data
                0x0000000020000010       0x60 c:/st/stm32cubeide_1.3.0/stm32cubeide/plugins/com.st.stm32cube.ide.mcu.externaltools.gnu-tools-for-stm32.7-2018-q2-update.win32_1.0.0.201904181610/tools/bin/../lib/gcc/arm-none-eabi/7.3.1/../../../../arm-none-eabi/lib/thumb/v7e-m/fpv4-sp/hard\libc_nano.a(lib_a-impure.o)
                0x0000000020000070                . = ALIGN (0x4)
                0x0000000020000070                _edata = .

.igot.plt       0x0000000020000070        0x0 load address 0x0000000008003278
 .igot.plt      0x0000000020000070        0x0 c:/st/stm32cubeide_1.3.0/stm32cubeide/plugins/com.st.stm32cube.ide.mcu.externaltools.gnu-tools-for-stm32.7-2018-q2-update.win32_1.0.0.201904181610/tools/bin/../lib/gcc/arm-none-eabi/7.3.1/thumb/v7e-m/fpv4-sp/hard/crtbegin.o
                0x0000000020000070                . = ALIGN (0x4)

.bss            0x0000000020000070       0x84 load address 0x0000000008003278
                0x0000000020000070                _sbss = .
                0x0000000020000070                __bss_start__ = _sbss
 *(.bss)
 .bss           0x0000000020000070       0x1c c:/st/stm32cubeide_1.3.0/stm32cubeide/plugins/com.st.stm32cube.ide.mcu.externaltools.gnu-tools-for-stm32.7-2018-q2-update.win32_1.0.0.201904181610/tools/bin/../lib/gcc/arm-none-eabi/7.3.1/thumb/v7e-m/fpv4-sp/hard/crtbegin.o
 *(.bss*)
 .bss._ZL7appMain
                0x000000002000008c        0x2 Core/Src/main.o
 *fill*         0x000000002000008e        0x2 
 .bss.heap_end.6424
                0x0000000020000090        0x4 Core/Src/sysmem.o
 .bss._ZN12_GLOBAL__N_113__new_handlerE
                0x0000000020000094        0x4 c:/st/stm32cubeide_1.3.0/stm32cubeide/plugins/com.st.stm32cube.ide.mcu.externaltools.gnu-tools-for-stm32.7-2018-q2-update.win32_1.0.0.201904181610/tools/bin/../lib/gcc/arm-none-eabi/7.3.1/../../../../arm-none-eabi/lib/thumb/v7e-m/fpv4-sp/hard\libstdc++_nano.a(new_handler.o)
 .bss.__malloc_free_list
                0x0000000020000098        0x4 c:/st/stm32cubeide_1.3.0/stm32cubeide/plugins/com.st.stm32cube.ide.mcu.externaltools.gnu-tools-for-stm32.7-2018-q2-update.win32_1.0.0.201904181610/tools/bin/../lib/gcc/arm-none-eabi/7.3.1/../../../../arm-none-eabi/lib/thumb/v7e-m/fpv4-sp/hard\libc_nano.a(lib_a-nano-mallocr.o)
                0x0000000020000098                __malloc_free_list
 .bss.__malloc_sbrk_start
                0x000000002000009c        0x4 c:/st/stm32cubeide_1.3.0/stm32cubeide/plugins/com.st.stm32cube.ide.mcu.externaltools.gnu-tools-for-stm32.7-2018-q2-update.win32_1.0.0.201904181610/tools/bin/../lib/gcc/arm-none-eabi/7.3.1/../../../../arm-none-eabi/lib/thumb/v7e-m/fpv4-sp/hard\libc_nano.a(lib_a-nano-mallocr.o)
                0x000000002000009c                __malloc_sbrk_start
 *(COMMON)
 COMMON         0x00000000200000a0       0x4c Core/Src/i2c.o
                0x00000000200000a0                hi2c1
 COMMON         0x00000000200000ec        0x4 Drivers/STM32F3xx_HAL_Driver/Src/stm32f3xx_hal.o
                0x00000000200000ec                uwTick
 COMMON         0x00000000200000f0        0x4 c:/st/stm32cubeide_1.3.0/stm32cubeide/plugins/com.st.stm32cube.ide.mcu.externaltools.gnu-tools-for-stm32.7-2018-q2-update.win32_1.0.0.201904181610/tools/bin/../lib/gcc/arm-none-eabi/7.3.1/../../../../arm-none-eabi/lib/thumb/v7e-m/fpv4-sp/hard\libc_nano.a(lib_a-reent.o)
                0x00000000200000f0                errno
                0x00000000200000f4                . = ALIGN (0x4)
                0x00000000200000f4                _ebss = .
                0x00000000200000f4                __bss_end__ = _ebss

._user_heap_stack
                0x00000000200000f4      0x604 load address 0x0000000008003278
                0x00000000200000f8                . = ALIGN (0x8)
 *fill*         0x00000000200000f4        0x4 
                0x00000000200000f8                PROVIDE (end = .)
                [!provide]                        PROVIDE (_end = .)
                0x00000000200002f8                . = (. + _Min_Heap_Size)
 *fill*         0x00000000200000f8      0x200 
                0x00000000200006f8                . = (. + _Min_Stack_Size)
 *fill*         0x00000000200002f8      0x400 
                0x00000000200006f8                . = ALIGN (0x8)

/DISCARD/
 libc.a(*)
 libm.a(*)
 libgcc.a(*)

.ARM.attributes
                0x0000000000000000       0x30
 *(.ARM.attributes)
 .ARM.attributes
                0x0000000000000000       0x22 c:/st/stm32cubeide_1.3.0/stm32cubeide/plugins/com.st.stm32cube.ide.mcu.externaltools.gnu-tools-for-stm32.7-2018-q2-update.win32_1.0.0.201904181610/tools/bin/../lib/gcc/arm-none-eabi/7.3.1/thumb/v7e-m/fpv4-sp/hard/crti.o
 .ARM.attributes
                0x0000000000000022       0x34 c:/st/stm32cubeide_1.3.0/stm32cubeide/plugins/com.st.stm32cube.ide.mcu.externaltools.gnu-tools-for-stm32.7-2018-q2-update.win32_1.0.0.201904181610/tools/bin/../lib/gcc/arm-none-eabi/7.3.1/thumb/v7e-m/fpv4-sp/hard/crtbegin.o
 .ARM.attributes
                0x0000000000000056       0x39 Core/Src/AppMain/AppMain.o
 .ARM.attributes
                0x000000000000008f       0x39 Core/Src/LCD_Driver/LCDDriver.o
 .ARM.attributes
                0x00000000000000c8       0x39 Core/Src/gpio.o
 .ARM.attributes
                0x0000000000000101       0x39 Core/Src/i2c.o
 .ARM.attributes
                0x000000000000013a       0x39 Core/Src/main.o
 .ARM.attributes
                0x0000000000000173       0x39 Core/Src/stm32f3xx_hal_msp.o
 .ARM.attributes
                0x00000000000001ac       0x39 Core/Src/stm32f3xx_it.o
 .ARM.attributes
                0x00000000000001e5       0x39 Core/Src/syscalls.o
 .ARM.attributes
                0x000000000000021e       0x39 Core/Src/sysmem.o
 .ARM.attributes
                0x0000000000000257       0x39 Core/Src/system_stm32f3xx.o
 .ARM.attributes
                0x0000000000000290       0x21 Core/Startup/startup_stm32f303k8tx.o
 .ARM.attributes
                0x00000000000002b1       0x39 Drivers/STM32F3xx_HAL_Driver/Src/stm32f3xx_hal.o
 .ARM.attributes
                0x00000000000002ea       0x39 Drivers/STM32F3xx_HAL_Driver/Src/stm32f3xx_hal_cortex.o
 .ARM.attributes
                0x0000000000000323       0x39 Drivers/STM32F3xx_HAL_Driver/Src/stm32f3xx_hal_gpio.o
 .ARM.attributes
                0x000000000000035c       0x39 Drivers/STM32F3xx_HAL_Driver/Src/stm32f3xx_hal_i2c.o
 .ARM.attributes
                0x0000000000000395       0x39 Drivers/STM32F3xx_HAL_Driver/Src/stm32f3xx_hal_i2c_ex.o
 .ARM.attributes
                0x00000000000003ce       0x39 Drivers/STM32F3xx_HAL_Driver/Src/stm32f3xx_hal_rcc.o
 .ARM.attributes
                0x0000000000000407       0x39 Drivers/STM32F3xx_HAL_Driver/Src/stm32f3xx_hal_rcc_ex.o
 .ARM.attributes
                0x0000000000000440       0x34 c:/st/stm32cubeide_1.3.0/stm32cubeide/plugins/com.st.stm32cube.ide.mcu.externaltools.gnu-tools-for-stm32.7-2018-q2-update.win32_1.0.0.201904181610/tools/bin/../lib/gcc/arm-none-eabi/7.3.1/../../../../arm-none-eabi/lib/thumb/v7e-m/fpv4-sp/hard\libstdc++_nano.a(allocator-inst.o)
 .ARM.attributes
                0x0000000000000474       0x34 c:/st/stm32cubeide_1.3.0/stm32cubeide/plugins/com.st.stm32cube.ide.mcu.externaltools.gnu-tools-for-stm32.7-2018-q2-update.win32_1.0.0.201904181610/tools/bin/../lib/gcc/arm-none-eabi/7.3.1/../../../../arm-none-eabi/lib/thumb/v7e-m/fpv4-sp/hard\libstdc++_nano.a(string-inst.o)
 .ARM.attributes
                0x00000000000004a8       0x34 c:/st/stm32cubeide_1.3.0/stm32cubeide/plugins/com.st.stm32cube.ide.mcu.externaltools.gnu-tools-for-stm32.7-2018-q2-update.win32_1.0.0.201904181610/tools/bin/../lib/gcc/arm-none-eabi/7.3.1/../../../../arm-none-eabi/lib/thumb/v7e-m/fpv4-sp/hard\libstdc++_nano.a(new_op.o)
 .ARM.attributes
                0x00000000000004dc       0x34 c:/st/stm32cubeide_1.3.0/stm32cubeide/plugins/com.st.stm32cube.ide.mcu.externaltools.gnu-tools-for-stm32.7-2018-q2-update.win32_1.0.0.201904181610/tools/bin/../lib/gcc/arm-none-eabi/7.3.1/../../../../arm-none-eabi/lib/thumb/v7e-m/fpv4-sp/hard\libstdc++_nano.a(new_handler.o)
 .ARM.attributes
                0x0000000000000510       0x34 c:/st/stm32cubeide_1.3.0/stm32cubeide/plugins/com.st.stm32cube.ide.mcu.externaltools.gnu-tools-for-stm32.7-2018-q2-update.win32_1.0.0.201904181610/tools/bin/../lib/gcc/arm-none-eabi/7.3.1/../../../../arm-none-eabi/lib/thumb/v7e-m/fpv4-sp/hard\libstdc++_nano.a(del_op.o)
 .ARM.attributes
                0x0000000000000544       0x34 c:/st/stm32cubeide_1.3.0/stm32cubeide/plugins/com.st.stm32cube.ide.mcu.externaltools.gnu-tools-for-stm32.7-2018-q2-update.win32_1.0.0.201904181610/tools/bin/../lib/gcc/arm-none-eabi/7.3.1/../../../../arm-none-eabi/lib/thumb/v7e-m/fpv4-sp/hard\libstdc++_nano.a(functexcept.o)
 .ARM.attributes
                0x0000000000000578       0x34 c:/st/stm32cubeide_1.3.0/stm32cubeide/plugins/com.st.stm32cube.ide.mcu.externaltools.gnu-tools-for-stm32.7-2018-q2-update.win32_1.0.0.201904181610/tools/bin/../lib/gcc/arm-none-eabi/7.3.1/../../../../arm-none-eabi/lib/thumb/v7e-m/fpv4-sp/hard\libc_nano.a(lib_a-abort.o)
 .ARM.attributes
                0x00000000000005ac       0x34 c:/st/stm32cubeide_1.3.0/stm32cubeide/plugins/com.st.stm32cube.ide.mcu.externaltools.gnu-tools-for-stm32.7-2018-q2-update.win32_1.0.0.201904181610/tools/bin/../lib/gcc/arm-none-eabi/7.3.1/../../../../arm-none-eabi/lib/thumb/v7e-m/fpv4-sp/hard\libc_nano.a(lib_a-errno.o)
 .ARM.attributes
                0x00000000000005e0       0x34 c:/st/stm32cubeide_1.3.0/stm32cubeide/plugins/com.st.stm32cube.ide.mcu.externaltools.gnu-tools-for-stm32.7-2018-q2-update.win32_1.0.0.201904181610/tools/bin/../lib/gcc/arm-none-eabi/7.3.1/../../../../arm-none-eabi/lib/thumb/v7e-m/fpv4-sp/hard\libc_nano.a(lib_a-impure.o)
 .ARM.attributes
                0x0000000000000614       0x34 c:/st/stm32cubeide_1.3.0/stm32cubeide/plugins/com.st.stm32cube.ide.mcu.externaltools.gnu-tools-for-stm32.7-2018-q2-update.win32_1.0.0.201904181610/tools/bin/../lib/gcc/arm-none-eabi/7.3.1/../../../../arm-none-eabi/lib/thumb/v7e-m/fpv4-sp/hard\libc_nano.a(lib_a-init.o)
 .ARM.attributes
                0x0000000000000648       0x34 c:/st/stm32cubeide_1.3.0/stm32cubeide/plugins/com.st.stm32cube.ide.mcu.externaltools.gnu-tools-for-stm32.7-2018-q2-update.win32_1.0.0.201904181610/tools/bin/../lib/gcc/arm-none-eabi/7.3.1/../../../../arm-none-eabi/lib/thumb/v7e-m/fpv4-sp/hard\libc_nano.a(lib_a-malloc.o)
 .ARM.attributes
                0x000000000000067c       0x34 c:/st/stm32cubeide_1.3.0/stm32cubeide/plugins/com.st.stm32cube.ide.mcu.externaltools.gnu-tools-for-stm32.7-2018-q2-update.win32_1.0.0.201904181610/tools/bin/../lib/gcc/arm-none-eabi/7.3.1/../../../../arm-none-eabi/lib/thumb/v7e-m/fpv4-sp/hard\libc_nano.a(lib_a-memcpy-stub.o)
 .ARM.attributes
                0x00000000000006b0       0x34 c:/st/stm32cubeide_1.3.0/stm32cubeide/plugins/com.st.stm32cube.ide.mcu.externaltools.gnu-tools-for-stm32.7-2018-q2-update.win32_1.0.0.201904181610/tools/bin/../lib/gcc/arm-none-eabi/7.3.1/../../../../arm-none-eabi/lib/thumb/v7e-m/fpv4-sp/hard\libc_nano.a(lib_a-memset.o)
 .ARM.attributes
                0x00000000000006e4       0x34 c:/st/stm32cubeide_1.3.0/stm32cubeide/plugins/com.st.stm32cube.ide.mcu.externaltools.gnu-tools-for-stm32.7-2018-q2-update.win32_1.0.0.201904181610/tools/bin/../lib/gcc/arm-none-eabi/7.3.1/../../../../arm-none-eabi/lib/thumb/v7e-m/fpv4-sp/hard\libc_nano.a(lib_a-nano-freer.o)
 .ARM.attributes
                0x0000000000000718       0x34 c:/st/stm32cubeide_1.3.0/stm32cubeide/plugins/com.st.stm32cube.ide.mcu.externaltools.gnu-tools-for-stm32.7-2018-q2-update.win32_1.0.0.201904181610/tools/bin/../lib/gcc/arm-none-eabi/7.3.1/../../../../arm-none-eabi/lib/thumb/v7e-m/fpv4-sp/hard\libc_nano.a(lib_a-nano-mallocr.o)
 .ARM.attributes
                0x000000000000074c       0x34 c:/st/stm32cubeide_1.3.0/stm32cubeide/plugins/com.st.stm32cube.ide.mcu.externaltools.gnu-tools-for-stm32.7-2018-q2-update.win32_1.0.0.201904181610/tools/bin/../lib/gcc/arm-none-eabi/7.3.1/../../../../arm-none-eabi/lib/thumb/v7e-m/fpv4-sp/hard\libc_nano.a(lib_a-sbrkr.o)
 .ARM.attributes
                0x0000000000000780       0x34 c:/st/stm32cubeide_1.3.0/stm32cubeide/plugins/com.st.stm32cube.ide.mcu.externaltools.gnu-tools-for-stm32.7-2018-q2-update.win32_1.0.0.201904181610/tools/bin/../lib/gcc/arm-none-eabi/7.3.1/../../../../arm-none-eabi/lib/thumb/v7e-m/fpv4-sp/hard\libc_nano.a(lib_a-signal.o)
 .ARM.attributes
                0x00000000000007b4       0x34 c:/st/stm32cubeide_1.3.0/stm32cubeide/plugins/com.st.stm32cube.ide.mcu.externaltools.gnu-tools-for-stm32.7-2018-q2-update.win32_1.0.0.201904181610/tools/bin/../lib/gcc/arm-none-eabi/7.3.1/../../../../arm-none-eabi/lib/thumb/v7e-m/fpv4-sp/hard\libc_nano.a(lib_a-signalr.o)
 .ARM.attributes
                0x00000000000007e8       0x1b c:/st/stm32cubeide_1.3.0/stm32cubeide/plugins/com.st.stm32cube.ide.mcu.externaltools.gnu-tools-for-stm32.7-2018-q2-update.win32_1.0.0.201904181610/tools/bin/../lib/gcc/arm-none-eabi/7.3.1/../../../../arm-none-eabi/lib/thumb/v7e-m/fpv4-sp/hard\libc_nano.a(lib_a-strlen.o)
 .ARM.attributes
                0x0000000000000803       0x34 c:/st/stm32cubeide_1.3.0/stm32cubeide/plugins/com.st.stm32cube.ide.mcu.externaltools.gnu-tools-for-stm32.7-2018-q2-update.win32_1.0.0.201904181610/tools/bin/../lib/gcc/arm-none-eabi/7.3.1/../../../../arm-none-eabi/lib/thumb/v7e-m/fpv4-sp/hard\libc_nano.a(lib_a-mlock.o)
 .ARM.attributes
                0x0000000000000837       0x34 c:/st/stm32cubeide_1.3.0/stm32cubeide/plugins/com.st.stm32cube.ide.mcu.externaltools.gnu-tools-for-stm32.7-2018-q2-update.win32_1.0.0.201904181610/tools/bin/../lib/gcc/arm-none-eabi/7.3.1/../../../../arm-none-eabi/lib/thumb/v7e-m/fpv4-sp/hard\libc_nano.a(lib_a-reent.o)
 .ARM.attributes
                0x000000000000086b       0x22 c:/st/stm32cubeide_1.3.0/stm32cubeide/plugins/com.st.stm32cube.ide.mcu.externaltools.gnu-tools-for-stm32.7-2018-q2-update.win32_1.0.0.201904181610/tools/bin/../lib/gcc/arm-none-eabi/7.3.1/thumb/v7e-m/fpv4-sp/hard/crtn.o
OUTPUT(GrafikTest.elf elf32-littlearm)

.debug_info     0x0000000000000000    0x1b619
 .debug_info    0x0000000000000000     0x5343 Core/Src/AppMain/AppMain.o
 .debug_info    0x0000000000005343     0x582b Core/Src/LCD_Driver/LCDDriver.o
 .debug_info    0x000000000000ab6e      0x3cf Core/Src/gpio.o
 .debug_info    0x000000000000af3d      0x8eb Core/Src/i2c.o
 .debug_info    0x000000000000b828     0x7b9d Core/Src/main.o
 .debug_info    0x00000000000133c5      0x278 Core/Src/stm32f3xx_hal_msp.o
 .debug_info    0x000000000001363d      0x20d Core/Src/stm32f3xx_it.o
 .debug_info    0x000000000001384a      0xebd Core/Src/syscalls.o
 .debug_info    0x0000000000014707      0x91c Core/Src/sysmem.o
 .debug_info    0x0000000000015023      0x45c Core/Src/system_stm32f3xx.o
 .debug_info    0x000000000001547f       0x22 Core/Startup/startup_stm32f303k8tx.o
 .debug_info    0x00000000000154a1      0x758 Drivers/STM32F3xx_HAL_Driver/Src/stm32f3xx_hal.o
 .debug_info    0x0000000000015bf9      0xb54 Drivers/STM32F3xx_HAL_Driver/Src/stm32f3xx_hal_cortex.o
 .debug_info    0x000000000001674d      0x7b2 Drivers/STM32F3xx_HAL_Driver/Src/stm32f3xx_hal_gpio.o
 .debug_info    0x0000000000016eff     0x1f65 Drivers/STM32F3xx_HAL_Driver/Src/stm32f3xx_hal_i2c.o
 .debug_info    0x0000000000018e64      0x994 Drivers/STM32F3xx_HAL_Driver/Src/stm32f3xx_hal_i2c_ex.o
 .debug_info    0x00000000000197f8     0x180f Drivers/STM32F3xx_HAL_Driver/Src/stm32f3xx_hal_rcc.o
 .debug_info    0x000000000001b007      0x612 Drivers/STM32F3xx_HAL_Driver/Src/stm32f3xx_hal_rcc_ex.o

.debug_abbrev   0x0000000000000000     0x2e4a
 .debug_abbrev  0x0000000000000000      0x760 Core/Src/AppMain/AppMain.o
 .debug_abbrev  0x0000000000000760      0x714 Core/Src/LCD_Driver/LCDDriver.o
 .debug_abbrev  0x0000000000000e74      0x134 Core/Src/gpio.o
 .debug_abbrev  0x0000000000000fa8      0x1a4 Core/Src/i2c.o
 .debug_abbrev  0x000000000000114c      0x703 Core/Src/main.o
 .debug_abbrev  0x000000000000184f      0x109 Core/Src/stm32f3xx_hal_msp.o
 .debug_abbrev  0x0000000000001958       0xc6 Core/Src/stm32f3xx_it.o
 .debug_abbrev  0x0000000000001a1e      0x261 Core/Src/syscalls.o
 .debug_abbrev  0x0000000000001c7f      0x1bb Core/Src/sysmem.o
 .debug_abbrev  0x0000000000001e3a      0x12b Core/Src/system_stm32f3xx.o
 .debug_abbrev  0x0000000000001f65       0x12 Core/Startup/startup_stm32f303k8tx.o
 .debug_abbrev  0x0000000000001f77      0x1c7 Drivers/STM32F3xx_HAL_Driver/Src/stm32f3xx_hal.o
 .debug_abbrev  0x000000000000213e      0x2d5 Drivers/STM32F3xx_HAL_Driver/Src/stm32f3xx_hal_cortex.o
 .debug_abbrev  0x0000000000002413      0x1c0 Drivers/STM32F3xx_HAL_Driver/Src/stm32f3xx_hal_gpio.o
 .debug_abbrev  0x00000000000025d3      0x22a Drivers/STM32F3xx_HAL_Driver/Src/stm32f3xx_hal_i2c.o
 .debug_abbrev  0x00000000000027fd      0x1b9 Drivers/STM32F3xx_HAL_Driver/Src/stm32f3xx_hal_i2c_ex.o
 .debug_abbrev  0x00000000000029b6      0x28c Drivers/STM32F3xx_HAL_Driver/Src/stm32f3xx_hal_rcc.o
 .debug_abbrev  0x0000000000002c42      0x208 Drivers/STM32F3xx_HAL_Driver/Src/stm32f3xx_hal_rcc_ex.o

.debug_aranges  0x0000000000000000      0x8c0
 .debug_aranges
                0x0000000000000000       0x30 Core/Src/AppMain/AppMain.o
 .debug_aranges
                0x0000000000000030       0x98 Core/Src/LCD_Driver/LCDDriver.o
 .debug_aranges
                0x00000000000000c8       0x20 Core/Src/gpio.o
 .debug_aranges
                0x00000000000000e8       0x30 Core/Src/i2c.o
 .debug_aranges
                0x0000000000000118       0x48 Core/Src/main.o
 .debug_aranges
                0x0000000000000160       0x20 Core/Src/stm32f3xx_hal_msp.o
 .debug_aranges
                0x0000000000000180       0x60 Core/Src/stm32f3xx_it.o
 .debug_aranges
                0x00000000000001e0       0xa8 Core/Src/syscalls.o
 .debug_aranges
                0x0000000000000288       0x20 Core/Src/sysmem.o
 .debug_aranges
                0x00000000000002a8       0x28 Core/Src/system_stm32f3xx.o
 .debug_aranges
                0x00000000000002d0       0x28 Core/Startup/startup_stm32f303k8tx.o
 .debug_aranges
                0x00000000000002f8       0xe0 Drivers/STM32F3xx_HAL_Driver/Src/stm32f3xx_hal.o
 .debug_aranges
                0x00000000000003d8      0x100 Drivers/STM32F3xx_HAL_Driver/Src/stm32f3xx_hal_cortex.o
 .debug_aranges
                0x00000000000004d8       0x58 Drivers/STM32F3xx_HAL_Driver/Src/stm32f3xx_hal_gpio.o
 .debug_aranges
                0x0000000000000530      0x288 Drivers/STM32F3xx_HAL_Driver/Src/stm32f3xx_hal_i2c.o
 .debug_aranges
                0x00000000000007b8       0x48 Drivers/STM32F3xx_HAL_Driver/Src/stm32f3xx_hal_i2c_ex.o
 .debug_aranges
                0x0000000000000800       0x88 Drivers/STM32F3xx_HAL_Driver/Src/stm32f3xx_hal_rcc.o
 .debug_aranges
                0x0000000000000888       0x38 Drivers/STM32F3xx_HAL_Driver/Src/stm32f3xx_hal_rcc_ex.o

.debug_ranges   0x0000000000000000      0x7a8
 .debug_ranges  0x0000000000000000       0x20 Core/Src/AppMain/AppMain.o
 .debug_ranges  0x0000000000000020       0x88 Core/Src/LCD_Driver/LCDDriver.o
 .debug_ranges  0x00000000000000a8       0x10 Core/Src/gpio.o
 .debug_ranges  0x00000000000000b8       0x20 Core/Src/i2c.o
 .debug_ranges  0x00000000000000d8       0x38 Core/Src/main.o
 .debug_ranges  0x0000000000000110       0x10 Core/Src/stm32f3xx_hal_msp.o
 .debug_ranges  0x0000000000000120       0x50 Core/Src/stm32f3xx_it.o
 .debug_ranges  0x0000000000000170       0x98 Core/Src/syscalls.o
 .debug_ranges  0x0000000000000208       0x10 Core/Src/sysmem.o
 .debug_ranges  0x0000000000000218       0x18 Core/Src/system_stm32f3xx.o
 .debug_ranges  0x0000000000000230       0x20 Core/Startup/startup_stm32f303k8tx.o
 .debug_ranges  0x0000000000000250       0xd0 Drivers/STM32F3xx_HAL_Driver/Src/stm32f3xx_hal.o
 .debug_ranges  0x0000000000000320       0xf0 Drivers/STM32F3xx_HAL_Driver/Src/stm32f3xx_hal_cortex.o
 .debug_ranges  0x0000000000000410       0x48 Drivers/STM32F3xx_HAL_Driver/Src/stm32f3xx_hal_gpio.o
 .debug_ranges  0x0000000000000458      0x278 Drivers/STM32F3xx_HAL_Driver/Src/stm32f3xx_hal_i2c.o
 .debug_ranges  0x00000000000006d0       0x38 Drivers/STM32F3xx_HAL_Driver/Src/stm32f3xx_hal_i2c_ex.o
 .debug_ranges  0x0000000000000708       0x78 Drivers/STM32F3xx_HAL_Driver/Src/stm32f3xx_hal_rcc.o
 .debug_ranges  0x0000000000000780       0x28 Drivers/STM32F3xx_HAL_Driver/Src/stm32f3xx_hal_rcc_ex.o

.debug_macro    0x0000000000000000    0x1bd21
 .debug_macro   0x0000000000000000      0x671 Core/Src/AppMain/AppMain.o
 .debug_macro   0x0000000000000671      0xb2c Core/Src/AppMain/AppMain.o
 .debug_macro   0x000000000000119d      0x14b Core/Src/AppMain/AppMain.o
 .debug_macro   0x00000000000012e8       0x2e Core/Src/AppMain/AppMain.o
 .debug_macro   0x0000000000001316       0x28 Core/Src/AppMain/AppMain.o
 .debug_macro   0x000000000000133e       0x1c Core/Src/AppMain/AppMain.o
 .debug_macro   0x000000000000135a       0x22 Core/Src/AppMain/AppMain.o
 .debug_macro   0x000000000000137c       0x8e Core/Src/AppMain/AppMain.o
 .debug_macro   0x000000000000140a       0x51 Core/Src/AppMain/AppMain.o
 .debug_macro   0x000000000000145b       0xef Core/Src/AppMain/AppMain.o
 .debug_macro   0x000000000000154a       0x6a Core/Src/AppMain/AppMain.o
 .debug_macro   0x00000000000015b4      0x1df Core/Src/AppMain/AppMain.o
 .debug_macro   0x0000000000001793       0x1c Core/Src/AppMain/AppMain.o
 .debug_macro   0x00000000000017af       0x22 Core/Src/AppMain/AppMain.o
 .debug_macro   0x00000000000017d1       0xdf Core/Src/AppMain/AppMain.o
 .debug_macro   0x00000000000018b0      0xf07 Core/Src/AppMain/AppMain.o
 .debug_macro   0x00000000000027b7    0x10bd9 Core/Src/AppMain/AppMain.o
 .debug_macro   0x0000000000013390       0x43 Core/Src/AppMain/AppMain.o
 .debug_macro   0x00000000000133d3      0x17b Core/Src/AppMain/AppMain.o
 .debug_macro   0x000000000001354e       0x53 Core/Src/AppMain/AppMain.o
 .debug_macro   0x00000000000135a1      0x8f9 Core/Src/AppMain/AppMain.o
 .debug_macro   0x0000000000013e9a      0x304 Core/Src/AppMain/AppMain.o
 .debug_macro   0x000000000001419e      0x12f Core/Src/AppMain/AppMain.o
 .debug_macro   0x00000000000142cd      0x11b Core/Src/AppMain/AppMain.o
 .debug_macro   0x00000000000143e8      0x1d5 Core/Src/AppMain/AppMain.o
 .debug_macro   0x00000000000145bd      0x1bc Core/Src/AppMain/AppMain.o
 .debug_macro   0x0000000000014779       0x34 Core/Src/AppMain/AppMain.o
 .debug_macro   0x00000000000147ad       0x3c Core/Src/AppMain/AppMain.o
 .debug_macro   0x00000000000147e9       0x57 Core/Src/AppMain/AppMain.o
 .debug_macro   0x0000000000014840       0xc5 Core/Src/AppMain/AppMain.o
 .debug_macro   0x0000000000014905      0x19f Core/Src/AppMain/AppMain.o
 .debug_macro   0x0000000000014aa4      0x22c Core/Src/AppMain/AppMain.o
 .debug_macro   0x0000000000014cd0       0x58 Core/Src/AppMain/AppMain.o
 .debug_macro   0x0000000000014d28       0xa5 Core/Src/AppMain/AppMain.o
 .debug_macro   0x0000000000014dcd       0x81 Core/Src/AppMain/AppMain.o
 .debug_macro   0x0000000000014e4e       0xd3 Core/Src/AppMain/AppMain.o
 .debug_macro   0x0000000000014f21      0x285 Core/Src/AppMain/AppMain.o
 .debug_macro   0x00000000000151a6       0xe2 Core/Src/AppMain/AppMain.o
 .debug_macro   0x0000000000015288      0x168 Core/Src/AppMain/AppMain.o
 .debug_macro   0x00000000000153f0       0x10 Core/Src/AppMain/AppMain.o
 .debug_macro   0x0000000000015400      0x3f4 Core/Src/AppMain/AppMain.o
 .debug_macro   0x00000000000157f4       0x1c Core/Src/AppMain/AppMain.o
 .debug_macro   0x0000000000015810       0x18 Core/Src/AppMain/AppMain.o
 .debug_macro   0x0000000000015828       0x6e Core/Src/AppMain/AppMain.o
 .debug_macro   0x0000000000015896       0x28 Core/Src/AppMain/AppMain.o
 .debug_macro   0x00000000000158be       0x41 Core/Src/AppMain/AppMain.o
 .debug_macro   0x00000000000158ff       0x12 Core/Src/AppMain/AppMain.o
 .debug_macro   0x0000000000015911       0x2e Core/Src/AppMain/AppMain.o
 .debug_macro   0x000000000001593f       0x19 Core/Src/AppMain/AppMain.o
 .debug_macro   0x0000000000015958       0x76 Core/Src/AppMain/AppMain.o
 .debug_macro   0x00000000000159ce       0x19 Core/Src/AppMain/AppMain.o
 .debug_macro   0x00000000000159e7       0x46 Core/Src/AppMain/AppMain.o
 .debug_macro   0x0000000000015a2d       0x18 Core/Src/AppMain/AppMain.o
 .debug_macro   0x0000000000015a45       0x3c Core/Src/AppMain/AppMain.o
 .debug_macro   0x0000000000015a81       0x34 Core/Src/AppMain/AppMain.o
 .debug_macro   0x0000000000015ab5       0x52 Core/Src/AppMain/AppMain.o
 .debug_macro   0x0000000000015b07       0x1f Core/Src/AppMain/AppMain.o
 .debug_macro   0x0000000000015b26       0x43 Core/Src/AppMain/AppMain.o
 .debug_macro   0x0000000000015b69       0x20 Core/Src/AppMain/AppMain.o
 .debug_macro   0x0000000000015b89      0x1a3 Core/Src/AppMain/AppMain.o
 .debug_macro   0x0000000000015d2c       0x1c Core/Src/AppMain/AppMain.o
 .debug_macro   0x0000000000015d48       0x3c Core/Src/AppMain/AppMain.o
 .debug_macro   0x0000000000015d84      0x34d Core/Src/AppMain/AppMain.o
 .debug_macro   0x00000000000160d1       0x10 Core/Src/AppMain/AppMain.o
 .debug_macro   0x00000000000160e1       0x10 Core/Src/AppMain/AppMain.o
 .debug_macro   0x00000000000160f1       0x33 Core/Src/AppMain/AppMain.o
 .debug_macro   0x0000000000016124      0x173 Core/Src/AppMain/AppMain.o
 .debug_macro   0x0000000000016297       0x10 Core/Src/AppMain/AppMain.o
 .debug_macro   0x00000000000162a7       0x17 Core/Src/AppMain/AppMain.o
 .debug_macro   0x00000000000162be       0x35 Core/Src/AppMain/AppMain.o
 .debug_macro   0x00000000000162f3       0x5e Core/Src/AppMain/AppMain.o
 .debug_macro   0x0000000000016351       0x16 Core/Src/AppMain/AppMain.o
 .debug_macro   0x0000000000016367       0x4c Core/Src/AppMain/AppMain.o
 .debug_macro   0x00000000000163b3       0x5e Core/Src/AppMain/AppMain.o
 .debug_macro   0x0000000000016411       0x11 Core/Src/AppMain/AppMain.o
 .debug_macro   0x0000000000016422       0x11 Core/Src/AppMain/AppMain.o
 .debug_macro   0x0000000000016433       0x2f Core/Src/AppMain/AppMain.o
 .debug_macro   0x0000000000016462       0x16 Core/Src/AppMain/AppMain.o
 .debug_macro   0x0000000000016478       0x10 Core/Src/AppMain/AppMain.o
 .debug_macro   0x0000000000016488       0x10 Core/Src/AppMain/AppMain.o
 .debug_macro   0x0000000000016498       0x16 Core/Src/AppMain/AppMain.o
 .debug_macro   0x00000000000164ae       0x16 Core/Src/AppMain/AppMain.o
 .debug_macro   0x00000000000164c4       0x29 Core/Src/AppMain/AppMain.o
 .debug_macro   0x00000000000164ed       0x1c Core/Src/AppMain/AppMain.o
 .debug_macro   0x0000000000016509       0xde Core/Src/AppMain/AppMain.o
 .debug_macro   0x00000000000165e7       0x1c Core/Src/AppMain/AppMain.o
 .debug_macro   0x0000000000016603       0x10 Core/Src/AppMain/AppMain.o
 .debug_macro   0x0000000000016613       0x1c Core/Src/AppMain/AppMain.o
 .debug_macro   0x000000000001662f       0x52 Core/Src/AppMain/AppMain.o
 .debug_macro   0x0000000000016681       0x40 Core/Src/AppMain/AppMain.o
 .debug_macro   0x00000000000166c1       0x10 Core/Src/AppMain/AppMain.o
 .debug_macro   0x00000000000166d1       0x40 Core/Src/AppMain/AppMain.o
 .debug_macro   0x0000000000016711       0xd7 Core/Src/AppMain/AppMain.o
 .debug_macro   0x00000000000167e8       0x1c Core/Src/AppMain/AppMain.o
 .debug_macro   0x0000000000016804       0x3d Core/Src/AppMain/AppMain.o
 .debug_macro   0x0000000000016841       0x16 Core/Src/AppMain/AppMain.o
 .debug_macro   0x0000000000016857      0x130 Core/Src/AppMain/AppMain.o
 .debug_macro   0x0000000000016987      0x11d Core/Src/AppMain/AppMain.o
 .debug_macro   0x0000000000016aa4       0x10 Core/Src/AppMain/AppMain.o
 .debug_macro   0x0000000000016ab4      0x241 Core/Src/AppMain/AppMain.o
 .debug_macro   0x0000000000016cf5       0x17 Core/Src/AppMain/AppMain.o
 .debug_macro   0x0000000000016d0c      0x69a Core/Src/LCD_Driver/LCDDriver.o
 .debug_macro   0x00000000000173a6      0x24c Core/Src/LCD_Driver/LCDDriver.o
 .debug_macro   0x00000000000175f2      0x1ae Core/Src/gpio.o
 .debug_macro   0x00000000000177a0      0xa5a Core/Src/gpio.o
 .debug_macro   0x00000000000181fa      0xf07 Core/Src/gpio.o
 .debug_macro   0x0000000000019101      0x174 Core/Src/gpio.o
 .debug_macro   0x0000000000019275       0xdc Core/Src/gpio.o
 .debug_macro   0x0000000000019351      0x1ae Core/Src/i2c.o
 .debug_macro   0x00000000000194ff      0x691 Core/Src/main.o
 .debug_macro   0x0000000000019b90      0x1a4 Core/Src/stm32f3xx_hal_msp.o
 .debug_macro   0x0000000000019d34      0x1ae Core/Src/stm32f3xx_it.o
 .debug_macro   0x0000000000019ee2      0x243 Core/Src/syscalls.o
 .debug_macro   0x000000000001a125       0x40 Core/Src/syscalls.o
 .debug_macro   0x000000000001a165       0x94 Core/Src/syscalls.o
 .debug_macro   0x000000000001a1f9       0x34 Core/Src/syscalls.o
 .debug_macro   0x000000000001a22d       0x57 Core/Src/syscalls.o
 .debug_macro   0x000000000001a284      0x330 Core/Src/syscalls.o
 .debug_macro   0x000000000001a5b4       0x43 Core/Src/syscalls.o
 .debug_macro   0x000000000001a5f7       0x10 Core/Src/syscalls.o
 .debug_macro   0x000000000001a607       0x35 Core/Src/syscalls.o
 .debug_macro   0x000000000001a63c       0x10 Core/Src/syscalls.o
 .debug_macro   0x000000000001a64c       0x10 Core/Src/syscalls.o
 .debug_macro   0x000000000001a65c       0x35 Core/Src/syscalls.o
 .debug_macro   0x000000000001a691      0x122 Core/Src/syscalls.o
 .debug_macro   0x000000000001a7b3       0x10 Core/Src/syscalls.o
 .debug_macro   0x000000000001a7c3      0x145 Core/Src/syscalls.o
 .debug_macro   0x000000000001a908      0x189 Core/Src/syscalls.o
 .debug_macro   0x000000000001aa91       0x16 Core/Src/syscalls.o
 .debug_macro   0x000000000001aaa7       0x88 Core/Src/syscalls.o
 .debug_macro   0x000000000001ab2f      0x1ae Core/Src/sysmem.o
 .debug_macro   0x000000000001acdd      0x23b Core/Src/sysmem.o
 .debug_macro   0x000000000001af18       0x16 Core/Src/sysmem.o
 .debug_macro   0x000000000001af2e      0x19b Core/Src/system_stm32f3xx.o
 .debug_macro   0x000000000001b0c9      0x1b9 Drivers/STM32F3xx_HAL_Driver/Src/stm32f3xx_hal.o
 .debug_macro   0x000000000001b282      0x195 Drivers/STM32F3xx_HAL_Driver/Src/stm32f3xx_hal_cortex.o
 .debug_macro   0x000000000001b417      0x1cd Drivers/STM32F3xx_HAL_Driver/Src/stm32f3xx_hal_gpio.o
 .debug_macro   0x000000000001b5e4      0x25a Drivers/STM32F3xx_HAL_Driver/Src/stm32f3xx_hal_i2c.o
 .debug_macro   0x000000000001b83e      0x195 Drivers/STM32F3xx_HAL_Driver/Src/stm32f3xx_hal_i2c_ex.o
 .debug_macro   0x000000000001b9d3      0x1b9 Drivers/STM32F3xx_HAL_Driver/Src/stm32f3xx_hal_rcc.o
 .debug_macro   0x000000000001bb8c      0x195 Drivers/STM32F3xx_HAL_Driver/Src/stm32f3xx_hal_rcc_ex.o

.debug_line     0x0000000000000000     0xb6ae
 .debug_line    0x0000000000000000     0x12ba Core/Src/AppMain/AppMain.o
 .debug_line    0x00000000000012ba     0x144b Core/Src/LCD_Driver/LCDDriver.o
 .debug_line    0x0000000000002705      0x648 Core/Src/gpio.o
 .debug_line    0x0000000000002d4d      0x66d Core/Src/i2c.o
 .debug_line    0x00000000000033ba     0x1326 Core/Src/main.o
 .debug_line    0x00000000000046e0      0x638 Core/Src/stm32f3xx_hal_msp.o
 .debug_line    0x0000000000004d18      0x6dc Core/Src/stm32f3xx_it.o
 .debug_line    0x00000000000053f4      0x73e Core/Src/syscalls.o
 .debug_line    0x0000000000005b32      0x55e Core/Src/sysmem.o
 .debug_line    0x0000000000006090      0x656 Core/Src/system_stm32f3xx.o
 .debug_line    0x00000000000066e6       0x85 Core/Startup/startup_stm32f303k8tx.o
 .debug_line    0x000000000000676b      0x813 Drivers/STM32F3xx_HAL_Driver/Src/stm32f3xx_hal.o
 .debug_line    0x0000000000006f7e      0x8ea Drivers/STM32F3xx_HAL_Driver/Src/stm32f3xx_hal_cortex.o
 .debug_line    0x0000000000007868      0x7b4 Drivers/STM32F3xx_HAL_Driver/Src/stm32f3xx_hal_gpio.o
 .debug_line    0x000000000000801c     0x19ad Drivers/STM32F3xx_HAL_Driver/Src/stm32f3xx_hal_i2c.o
 .debug_line    0x00000000000099c9      0x77c Drivers/STM32F3xx_HAL_Driver/Src/stm32f3xx_hal_i2c_ex.o
 .debug_line    0x000000000000a145      0xd8b Drivers/STM32F3xx_HAL_Driver/Src/stm32f3xx_hal_rcc.o
 .debug_line    0x000000000000aed0      0x7de Drivers/STM32F3xx_HAL_Driver/Src/stm32f3xx_hal_rcc_ex.o

.debug_str      0x0000000000000000    0x8e4f8
 .debug_str     0x0000000000000000    0x85a79 Core/Src/AppMain/AppMain.o
                                      0x861c9 (size before relaxing)
 .debug_str     0x0000000000085a79     0x1229 Core/Src/LCD_Driver/LCDDriver.o
                                      0x86e9d (size before relaxing)
 .debug_str     0x0000000000086ca2      0x256 Core/Src/gpio.o
                                      0x784db (size before relaxing)
 .debug_str     0x0000000000086ef8       0x4b Core/Src/i2c.o
                                      0x78994 (size before relaxing)
 .debug_str     0x0000000000086f43     0x481c Core/Src/main.o
                                      0x8a9ef (size before relaxing)
 .debug_str     0x000000000008b75f       0x2c Core/Src/stm32f3xx_hal_msp.o
                                      0x78440 (size before relaxing)
 .debug_str     0x000000000008b78b       0xbd Core/Src/stm32f3xx_it.o
                                      0x78477 (size before relaxing)
 .debug_str     0x000000000008b848      0xd7e Core/Src/syscalls.o
                                       0x88bc (size before relaxing)
 .debug_str     0x000000000008c5c6       0x36 Core/Src/sysmem.o
                                       0x7b15 (size before relaxing)
 .debug_str     0x000000000008c5fc       0xd1 Core/Src/system_stm32f3xx.o
                                      0x78221 (size before relaxing)
 .debug_str     0x000000000008c6cd       0x36 Core/Startup/startup_stm32f303k8tx.o
                                         0x97 (size before relaxing)
 .debug_str     0x000000000008c703      0x5ff Drivers/STM32F3xx_HAL_Driver/Src/stm32f3xx_hal.o
                                      0x7885b (size before relaxing)
 .debug_str     0x000000000008cd02      0x2bf Drivers/STM32F3xx_HAL_Driver/Src/stm32f3xx_hal_cortex.o
                                      0x7883c (size before relaxing)
 .debug_str     0x000000000008cfc1      0x279 Drivers/STM32F3xx_HAL_Driver/Src/stm32f3xx_hal_gpio.o
                                      0x784e5 (size before relaxing)
 .debug_str     0x000000000008d23a      0xdf6 Drivers/STM32F3xx_HAL_Driver/Src/stm32f3xx_hal_i2c.o
                                      0x7940e (size before relaxing)
 .debug_str     0x000000000008e030       0xf3 Drivers/STM32F3xx_HAL_Driver/Src/stm32f3xx_hal_i2c_ex.o
                                      0x787ca (size before relaxing)
 .debug_str     0x000000000008e123      0x2fd Drivers/STM32F3xx_HAL_Driver/Src/stm32f3xx_hal_rcc.o
                                      0x7867b (size before relaxing)
 .debug_str     0x000000000008e420       0xd8 Drivers/STM32F3xx_HAL_Driver/Src/stm32f3xx_hal_rcc_ex.o
                                      0x7838f (size before relaxing)

.comment        0x0000000000000000       0x7b
 .comment       0x0000000000000000       0x7b Core/Src/AppMain/AppMain.o
                                         0x7c (size before relaxing)
 .comment       0x000000000000007b       0x7c Core/Src/LCD_Driver/LCDDriver.o
 .comment       0x000000000000007b       0x7c Core/Src/gpio.o
 .comment       0x000000000000007b       0x7c Core/Src/i2c.o
 .comment       0x000000000000007b       0x7c Core/Src/main.o
 .comment       0x000000000000007b       0x7c Core/Src/stm32f3xx_hal_msp.o
 .comment       0x000000000000007b       0x7c Core/Src/stm32f3xx_it.o
 .comment       0x000000000000007b       0x7c Core/Src/syscalls.o
 .comment       0x000000000000007b       0x7c Core/Src/sysmem.o
 .comment       0x000000000000007b       0x7c Core/Src/system_stm32f3xx.o
 .comment       0x000000000000007b       0x7c Drivers/STM32F3xx_HAL_Driver/Src/stm32f3xx_hal.o
 .comment       0x000000000000007b       0x7c Drivers/STM32F3xx_HAL_Driver/Src/stm32f3xx_hal_cortex.o
 .comment       0x000000000000007b       0x7c Drivers/STM32F3xx_HAL_Driver/Src/stm32f3xx_hal_gpio.o
 .comment       0x000000000000007b       0x7c Drivers/STM32F3xx_HAL_Driver/Src/stm32f3xx_hal_i2c.o
 .comment       0x000000000000007b       0x7c Drivers/STM32F3xx_HAL_Driver/Src/stm32f3xx_hal_i2c_ex.o
 .comment       0x000000000000007b       0x7c Drivers/STM32F3xx_HAL_Driver/Src/stm32f3xx_hal_rcc.o
 .comment       0x000000000000007b       0x7c Drivers/STM32F3xx_HAL_Driver/Src/stm32f3xx_hal_rcc_ex.o

.debug_frame    0x0000000000000000     0x37c4
 .debug_frame   0x0000000000000000       0x7c Core/Src/AppMain/AppMain.o
 .debug_frame   0x000000000000007c      0x25c Core/Src/LCD_Driver/LCDDriver.o
 .debug_frame   0x00000000000002d8       0x34 Core/Src/gpio.o
 .debug_frame   0x000000000000030c       0x74 Core/Src/i2c.o
 .debug_frame   0x0000000000000380       0xd8 Core/Src/main.o
 .debug_frame   0x0000000000000458       0x38 Core/Src/stm32f3xx_hal_msp.o
 .debug_frame   0x0000000000000490      0x10c Core/Src/stm32f3xx_it.o
 .debug_frame   0x000000000000059c      0x2ac Core/Src/syscalls.o
 .debug_frame   0x0000000000000848       0x34 Core/Src/sysmem.o
 .debug_frame   0x000000000000087c       0x58 Core/Src/system_stm32f3xx.o
 .debug_frame   0x00000000000008d4      0x334 Drivers/STM32F3xx_HAL_Driver/Src/stm32f3xx_hal.o
 .debug_frame   0x0000000000000c08      0x428 Drivers/STM32F3xx_HAL_Driver/Src/stm32f3xx_hal_cortex.o
 .debug_frame   0x0000000000001030      0x14c Drivers/STM32F3xx_HAL_Driver/Src/stm32f3xx_hal_gpio.o
 .debug_frame   0x000000000000117c      0xbbc Drivers/STM32F3xx_HAL_Driver/Src/stm32f3xx_hal_i2c.o
 .debug_frame   0x0000000000001d38      0x100 Drivers/STM32F3xx_HAL_Driver/Src/stm32f3xx_hal_i2c_ex.o
 .debug_frame   0x0000000000001e38      0x214 Drivers/STM32F3xx_HAL_Driver/Src/stm32f3xx_hal_rcc.o
 .debug_frame   0x000000000000204c       0xb0 Drivers/STM32F3xx_HAL_Driver/Src/stm32f3xx_hal_rcc_ex.o
 .debug_frame   0x00000000000020fc       0x70 c:/st/stm32cubeide_1.3.0/stm32cubeide/plugins/com.st.stm32cube.ide.mcu.externaltools.gnu-tools-for-stm32.7-2018-q2-update.win32_1.0.0.201904181610/tools/bin/../lib/gcc/arm-none-eabi/7.3.1/../../../../arm-none-eabi/lib/thumb/v7e-m/fpv4-sp/hard\libstdc++_nano.a(allocator-inst.o)
 .debug_frame   0x000000000000216c     0x1160 c:/st/stm32cubeide_1.3.0/stm32cubeide/plugins/com.st.stm32cube.ide.mcu.externaltools.gnu-tools-for-stm32.7-2018-q2-update.win32_1.0.0.201904181610/tools/bin/../lib/gcc/arm-none-eabi/7.3.1/../../../../arm-none-eabi/lib/thumb/v7e-m/fpv4-sp/hard\libstdc++_nano.a(string-inst.o)
 .debug_frame   0x00000000000032cc       0x28 c:/st/stm32cubeide_1.3.0/stm32cubeide/plugins/com.st.stm32cube.ide.mcu.externaltools.gnu-tools-for-stm32.7-2018-q2-update.win32_1.0.0.201904181610/tools/bin/../lib/gcc/arm-none-eabi/7.3.1/../../../../arm-none-eabi/lib/thumb/v7e-m/fpv4-sp/hard\libstdc++_nano.a(new_op.o)
 .debug_frame   0x00000000000032f4       0x30 c:/st/stm32cubeide_1.3.0/stm32cubeide/plugins/com.st.stm32cube.ide.mcu.externaltools.gnu-tools-for-stm32.7-2018-q2-update.win32_1.0.0.201904181610/tools/bin/../lib/gcc/arm-none-eabi/7.3.1/../../../../arm-none-eabi/lib/thumb/v7e-m/fpv4-sp/hard\libstdc++_nano.a(new_handler.o)
 .debug_frame   0x0000000000003324       0x20 c:/st/stm32cubeide_1.3.0/stm32cubeide/plugins/com.st.stm32cube.ide.mcu.externaltools.gnu-tools-for-stm32.7-2018-q2-update.win32_1.0.0.201904181610/tools/bin/../lib/gcc/arm-none-eabi/7.3.1/../../../../arm-none-eabi/lib/thumb/v7e-m/fpv4-sp/hard\libstdc++_nano.a(del_op.o)
 .debug_frame   0x0000000000003344      0x170 c:/st/stm32cubeide_1.3.0/stm32cubeide/plugins/com.st.stm32cube.ide.mcu.externaltools.gnu-tools-for-stm32.7-2018-q2-update.win32_1.0.0.201904181610/tools/bin/../lib/gcc/arm-none-eabi/7.3.1/../../../../arm-none-eabi/lib/thumb/v7e-m/fpv4-sp/hard\libstdc++_nano.a(functexcept.o)
 .debug_frame   0x00000000000034b4       0x28 c:/st/stm32cubeide_1.3.0/stm32cubeide/plugins/com.st.stm32cube.ide.mcu.externaltools.gnu-tools-for-stm32.7-2018-q2-update.win32_1.0.0.201904181610/tools/bin/../lib/gcc/arm-none-eabi/7.3.1/../../../../arm-none-eabi/lib/thumb/v7e-m/fpv4-sp/hard\libc_nano.a(lib_a-abort.o)
 .debug_frame   0x00000000000034dc       0x20 c:/st/stm32cubeide_1.3.0/stm32cubeide/plugins/com.st.stm32cube.ide.mcu.externaltools.gnu-tools-for-stm32.7-2018-q2-update.win32_1.0.0.201904181610/tools/bin/../lib/gcc/arm-none-eabi/7.3.1/../../../../arm-none-eabi/lib/thumb/v7e-m/fpv4-sp/hard\libc_nano.a(lib_a-errno.o)
 .debug_frame   0x00000000000034fc       0x2c c:/st/stm32cubeide_1.3.0/stm32cubeide/plugins/com.st.stm32cube.ide.mcu.externaltools.gnu-tools-for-stm32.7-2018-q2-update.win32_1.0.0.201904181610/tools/bin/../lib/gcc/arm-none-eabi/7.3.1/../../../../arm-none-eabi/lib/thumb/v7e-m/fpv4-sp/hard\libc_nano.a(lib_a-init.o)
 .debug_frame   0x0000000000003528       0x30 c:/st/stm32cubeide_1.3.0/stm32cubeide/plugins/com.st.stm32cube.ide.mcu.externaltools.gnu-tools-for-stm32.7-2018-q2-update.win32_1.0.0.201904181610/tools/bin/../lib/gcc/arm-none-eabi/7.3.1/../../../../arm-none-eabi/lib/thumb/v7e-m/fpv4-sp/hard\libc_nano.a(lib_a-malloc.o)
 .debug_frame   0x0000000000003558       0x28 c:/st/stm32cubeide_1.3.0/stm32cubeide/plugins/com.st.stm32cube.ide.mcu.externaltools.gnu-tools-for-stm32.7-2018-q2-update.win32_1.0.0.201904181610/tools/bin/../lib/gcc/arm-none-eabi/7.3.1/../../../../arm-none-eabi/lib/thumb/v7e-m/fpv4-sp/hard\libc_nano.a(lib_a-memcpy-stub.o)
 .debug_frame   0x0000000000003580       0x20 c:/st/stm32cubeide_1.3.0/stm32cubeide/plugins/com.st.stm32cube.ide.mcu.externaltools.gnu-tools-for-stm32.7-2018-q2-update.win32_1.0.0.201904181610/tools/bin/../lib/gcc/arm-none-eabi/7.3.1/../../../../arm-none-eabi/lib/thumb/v7e-m/fpv4-sp/hard\libc_nano.a(lib_a-memset.o)
 .debug_frame   0x00000000000035a0       0x38 c:/st/stm32cubeide_1.3.0/stm32cubeide/plugins/com.st.stm32cube.ide.mcu.externaltools.gnu-tools-for-stm32.7-2018-q2-update.win32_1.0.0.201904181610/tools/bin/../lib/gcc/arm-none-eabi/7.3.1/../../../../arm-none-eabi/lib/thumb/v7e-m/fpv4-sp/hard\libc_nano.a(lib_a-nano-freer.o)
 .debug_frame   0x00000000000035d8       0x2c c:/st/stm32cubeide_1.3.0/stm32cubeide/plugins/com.st.stm32cube.ide.mcu.externaltools.gnu-tools-for-stm32.7-2018-q2-update.win32_1.0.0.201904181610/tools/bin/../lib/gcc/arm-none-eabi/7.3.1/../../../../arm-none-eabi/lib/thumb/v7e-m/fpv4-sp/hard\libc_nano.a(lib_a-nano-mallocr.o)
 .debug_frame   0x0000000000003604       0x2c c:/st/stm32cubeide_1.3.0/stm32cubeide/plugins/com.st.stm32cube.ide.mcu.externaltools.gnu-tools-for-stm32.7-2018-q2-update.win32_1.0.0.201904181610/tools/bin/../lib/gcc/arm-none-eabi/7.3.1/../../../../arm-none-eabi/lib/thumb/v7e-m/fpv4-sp/hard\libc_nano.a(lib_a-sbrkr.o)
 .debug_frame   0x0000000000003630       0xcc c:/st/stm32cubeide_1.3.0/stm32cubeide/plugins/com.st.stm32cube.ide.mcu.externaltools.gnu-tools-for-stm32.7-2018-q2-update.win32_1.0.0.201904181610/tools/bin/../lib/gcc/arm-none-eabi/7.3.1/../../../../arm-none-eabi/lib/thumb/v7e-m/fpv4-sp/hard\libc_nano.a(lib_a-signal.o)
 .debug_frame   0x00000000000036fc       0x3c c:/st/stm32cubeide_1.3.0/stm32cubeide/plugins/com.st.stm32cube.ide.mcu.externaltools.gnu-tools-for-stm32.7-2018-q2-update.win32_1.0.0.201904181610/tools/bin/../lib/gcc/arm-none-eabi/7.3.1/../../../../arm-none-eabi/lib/thumb/v7e-m/fpv4-sp/hard\libc_nano.a(lib_a-signalr.o)
 .debug_frame   0x0000000000003738       0x30 c:/st/stm32cubeide_1.3.0/stm32cubeide/plugins/com.st.stm32cube.ide.mcu.externaltools.gnu-tools-for-stm32.7-2018-q2-update.win32_1.0.0.201904181610/tools/bin/../lib/gcc/arm-none-eabi/7.3.1/../../../../arm-none-eabi/lib/thumb/v7e-m/fpv4-sp/hard\libc_nano.a(lib_a-mlock.o)
 .debug_frame   0x0000000000003768       0x5c c:/st/stm32cubeide_1.3.0/stm32cubeide/plugins/com.st.stm32cube.ide.mcu.externaltools.gnu-tools-for-stm32.7-2018-q2-update.win32_1.0.0.201904181610/tools/bin/../lib/gcc/arm-none-eabi/7.3.1/../../../../arm-none-eabi/lib/thumb/v7e-m/fpv4-sp/hard\libc_nano.a(lib_a-reent.o)
