gthr-default.h:229:1:int __gthread_key_delete(__gthread_key_t)	16	static
LCDDriver.cpp:15:1:LCDDriver::LCDDriver()	16	static
LCDDriver.cpp:21:6:void LCDDriver::InitLCD()	16	static
LCDDriver.cpp:58:6:bool LCDDriver::WriteText(std::__cxx11::string)	24	static
LCDDriver.cpp:80:6:void LCDDriver::SetLCDSize(LCDDriver::LCD_SIZE)	16	static
LCDDriver.cpp:103:6:void LCDDriver::ClearDisplay()	24	static
LCDDriver.cpp:118:6:void LCDDriver::SetAddressPointer(uint8_t, uint8_t)	24	static
LCDDriver.cpp:124:6:bool LCDDriver::WriteData_8bit(uint8_t)	16	static
LCDDriver.cpp:140:6:bool LCDDriver::WriteData_8bit(uint8_t, uint8_t)	16	static
LCDDriver.cpp:161:6:bool LCDDriver::WriteData_16bit(uint8_t, uint16_t)	16	static
LCDDriver.cpp:189:6:void LCDDriver::PushData()	16	static
LCDDriver.cpp:204:23:LCDDriver::LCD_STATUS LCDDriver::CheckStatus(uint8_t)	16	static
LCDDriver.cpp:231:9:uint8_t LCDDriver::ReadDataPin()	32	static
LCDDriver.cpp:247:6:void LCDDriver::GPIO_Direction(LCDDriver::PIN_DIRECTION)	80	static
LCDDriver.cpp:281:6:void LCDDriver::WriteDataPin(uint8_t)	16	static
LCDDriver.cpp:300:6:void LCDDriver::Reset()	16	static
