gthr-default.h:229:1:int __gthread_key_delete(__gthread_key_t)	16	static
ImgControl.cpp:14:1:ImgControl::ImgControl(LCDDriver*)	16	static
ImgControl.cpp:19:6:void ImgControl::initImgControl()	16	static
ImgControl.cpp:35:6:void ImgControl::writeRectangle(uint8_t, uint8_t, uint8_t, uint8_t, uint8_t)	24	static
ImgControl.cpp:43:6:void ImgControl::writeXLine(uint8_t, uint8_t, uint8_t, uint8_t)	32	static
ImgControl.cpp:51:6:void ImgControl::writeYLine(uint8_t, uint8_t, uint8_t, uint8_t)	32	static
ImgControl.cpp:63:6:void ImgControl::writeScreenMirror()	88	static
ImgControl.cpp:122:6:void ImgControl::clearMirror()	24	static
bitset:1155:7:std::bitset<_Nb>::reference std::bitset<_Nb>::operator[](std::size_t) [with unsigned int _Nb = 240]	24	static
bitset:815:2:std::bitset<_Nb>::reference::~reference() [with unsigned int _Nb = 240]	16	static
bitset:820:2:std::bitset<_Nb>::reference& std::bitset<_Nb>::reference::operator=(bool) [with unsigned int _Nb = 240]	16	static
bitset:1443:5:std::bitset<_Nb> std::operator^(const std::bitset<_Nb>&, const std::bitset<_Nb>&) [with unsigned int _Nb = 240]	32	static
bitset:1334:7:bool std::bitset<_Nb>::any() const [with unsigned int _Nb = 240]	16	static
bitset:846:2:std::bitset<_Nb>::reference::operator bool() const [with unsigned int _Nb = 240]	24	static
bitset:1091:7:std::bitset<_Nb>& std::bitset<_Nb>::reset() [with unsigned int _Nb = 240]	16	static
bitset:809:2:std::bitset<_Nb>::reference::reference(std::bitset<_Nb>&, std::size_t) [with unsigned int _Nb = 240]	24	static
bitset:103:7:static constexpr std::size_t std::_Base_bitset<_Nw>::_S_whichbit(std::size_t) [with unsigned int _Nw = 8]	16	static
bitset:107:7:static constexpr std::_Base_bitset<_Nw>::_WordT std::_Base_bitset<_Nw>::_S_maskbit(std::size_t) [with unsigned int _Nw = 8]	16	static
bitset:978:7:std::bitset<_Nb>& std::bitset<_Nb>::operator^=(const std::bitset<_Nb>&) [with unsigned int _Nb = 240]	16	static
bitset:199:7:bool std::_Base_bitset<_Nw>::_M_is_any() const [with unsigned int _Nw = 8]	24	static
bitset:174:7:void std::_Base_bitset<_Nw>::_M_do_reset() [with unsigned int _Nw = 8]	16	static
bitset:111:7:std::_Base_bitset<_Nw>::_WordT& std::_Base_bitset<_Nw>::_M_getword(std::size_t) [with unsigned int _Nw = 8]	16	static
bitset:147:7:void std::_Base_bitset<_Nw>::_M_do_xor(const std::_Base_bitset<_Nw>&) [with unsigned int _Nw = 8]	24	static
bitset:95:7:static constexpr std::size_t std::_Base_bitset<_Nw>::_S_whichword(std::size_t) [with unsigned int _Nw = 8]	16	static
